Component: ARM Compiler 5.06 update 6 (build 750) Tool: armlink [4d35ed]

==============================================================================

Section Cross References

    startup_stm32f103xb.o(STACK) refers (Special) to heapauxi.o(.text) for __use_two_region_memory
    startup_stm32f103xb.o(HEAP) refers (Special) to heapauxi.o(.text) for __use_two_region_memory
    startup_stm32f103xb.o(RESET) refers (Special) to heapauxi.o(.text) for __use_two_region_memory
    startup_stm32f103xb.o(RESET) refers to startup_stm32f103xb.o(STACK) for __initial_sp
    startup_stm32f103xb.o(RESET) refers to startup_stm32f103xb.o(.text) for Reset_Handler
    startup_stm32f103xb.o(RESET) refers to stm32f1xx_it.o(i.NMI_Handler) for NMI_Handler
    startup_stm32f103xb.o(RESET) refers to context_rvds.o(.text) for HardFault_Handler
    startup_stm32f103xb.o(RESET) refers to stm32f1xx_it.o(i.MemManage_Handler) for MemManage_Handler
    startup_stm32f103xb.o(RESET) refers to stm32f1xx_it.o(i.BusFault_Handler) for BusFault_Handler
    startup_stm32f103xb.o(RESET) refers to stm32f1xx_it.o(i.UsageFault_Handler) for UsageFault_Handler
    startup_stm32f103xb.o(RESET) refers to stm32f1xx_it.o(i.DebugMon_Handler) for DebugMon_Handler
    startup_stm32f103xb.o(RESET) refers to board.o(i.SysTick_Handler) for SysTick_Handler
    startup_stm32f103xb.o(RESET) refers to stm32f1xx_it.o(i.TIM4_IRQHandler) for TIM4_IRQHandler
    startup_stm32f103xb.o(.text) refers (Special) to heapauxi.o(.text) for __use_two_region_memory
    startup_stm32f103xb.o(.text) refers to system_stm32f1xx.o(i.SystemInit) for SystemInit
    startup_stm32f103xb.o(.text) refers to __main.o(!!!main) for __main
    startup_stm32f103xb.o(.text) refers to startup_stm32f103xb.o(HEAP) for Heap_Mem
    startup_stm32f103xb.o(.text) refers to startup_stm32f103xb.o(STACK) for Stack_Mem
    main.o(i.HAL_TIM_PeriodElapsedCallback) refers to stm32f1xx_hal.o(i.HAL_IncTick) for HAL_IncTick
    main.o(i.SystemClock_Config) refers to rt_memclr_w.o(.text) for __aeabi_memclr4
    main.o(i.SystemClock_Config) refers to stm32f1xx_hal_rcc.o(i.HAL_RCC_OscConfig) for HAL_RCC_OscConfig
    main.o(i.SystemClock_Config) refers to main.o(i.Error_Handler) for Error_Handler
    main.o(i.SystemClock_Config) refers to stm32f1xx_hal_rcc.o(i.HAL_RCC_ClockConfig) for HAL_RCC_ClockConfig
    main.o(i.led_blink) refers to stm32f1xx_hal_gpio.o(i.HAL_GPIO_WritePin) for HAL_GPIO_WritePin
    main.o(i.led_blink) refers to thread.o(i.rt_thread_mdelay) for rt_thread_mdelay
    main.o(i.main) refers to stm32f1xx_hal.o(i.HAL_Init) for HAL_Init
    main.o(i.main) refers to main.o(i.SystemClock_Config) for SystemClock_Config
    main.o(i.main) refers to gpio.o(i.MX_GPIO_Init) for MX_GPIO_Init
    main.o(i.main) refers to usart.o(i.MX_USART1_UART_Init) for MX_USART1_UART_Init
    main.o(i.main) refers to thread.o(i.rt_thread_create) for rt_thread_create
    main.o(i.main) refers to thread.o(i.rt_thread_startup) for rt_thread_startup
    main.o(i.main) refers to main.o(i.led_blink) for led_blink
    gpio.o(i.MX_GPIO_Init) refers to stm32f1xx_hal_gpio.o(i.HAL_GPIO_WritePin) for HAL_GPIO_WritePin
    gpio.o(i.MX_GPIO_Init) refers to stm32f1xx_hal_gpio.o(i.HAL_GPIO_Init) for HAL_GPIO_Init
    usart.o(i.HAL_UART_MspDeInit) refers to stm32f1xx_hal_gpio.o(i.HAL_GPIO_DeInit) for HAL_GPIO_DeInit
    usart.o(i.HAL_UART_MspInit) refers to stm32f1xx_hal_gpio.o(i.HAL_GPIO_Init) for HAL_GPIO_Init
    usart.o(i.MX_USART1_UART_Init) refers to stm32f1xx_hal_uart.o(i.HAL_UART_Init) for HAL_UART_Init
    usart.o(i.MX_USART1_UART_Init) refers to main.o(i.Error_Handler) for Error_Handler
    usart.o(i.MX_USART1_UART_Init) refers to usart.o(.bss) for huart1
    stm32f1xx_it.o(i.TIM4_IRQHandler) refers to stm32f1xx_hal_tim.o(i.HAL_TIM_IRQHandler) for HAL_TIM_IRQHandler
    stm32f1xx_it.o(i.TIM4_IRQHandler) refers to stm32f1xx_hal_timebase_tim.o(.bss) for htim4
    stm32f1xx_hal_timebase_tim.o(i.HAL_InitTick) refers to stm32f1xx_hal_rcc.o(i.HAL_RCC_GetClockConfig) for HAL_RCC_GetClockConfig
    stm32f1xx_hal_timebase_tim.o(i.HAL_InitTick) refers to stm32f1xx_hal_rcc.o(i.HAL_RCC_GetPCLK1Freq) for HAL_RCC_GetPCLK1Freq
    stm32f1xx_hal_timebase_tim.o(i.HAL_InitTick) refers to stm32f1xx_hal_tim.o(i.HAL_TIM_Base_Init) for HAL_TIM_Base_Init
    stm32f1xx_hal_timebase_tim.o(i.HAL_InitTick) refers to stm32f1xx_hal_tim.o(i.HAL_TIM_Base_Start_IT) for HAL_TIM_Base_Start_IT
    stm32f1xx_hal_timebase_tim.o(i.HAL_InitTick) refers to stm32f1xx_hal_cortex.o(i.HAL_NVIC_EnableIRQ) for HAL_NVIC_EnableIRQ
    stm32f1xx_hal_timebase_tim.o(i.HAL_InitTick) refers to stm32f1xx_hal_cortex.o(i.HAL_NVIC_SetPriority) for HAL_NVIC_SetPriority
    stm32f1xx_hal_timebase_tim.o(i.HAL_InitTick) refers to stm32f1xx_hal_timebase_tim.o(.bss) for htim4
    stm32f1xx_hal_timebase_tim.o(i.HAL_InitTick) refers to stm32f1xx_hal.o(.data) for uwTickPrio
    stm32f1xx_hal_timebase_tim.o(i.HAL_ResumeTick) refers to stm32f1xx_hal_timebase_tim.o(.bss) for htim4
[...]
    i.rt_list_remove                         0x08003a48   Section        0  object.o(i.rt_list_remove)
    rt_list_remove                           0x08003a49   Thumb Code    18  object.o(i.rt_list_remove)
    i.rt_list_remove                         0x08003a5a   Section        0  thread.o(i.rt_list_remove)
    rt_list_remove                           0x08003a5b   Thumb Code    18  thread.o(i.rt_list_remove)
    i.rt_list_remove                         0x08003a6c   Section        0  timer.o(i.rt_list_remove)
    rt_list_remove                           0x08003a6d   Thumb Code    18  timer.o(i.rt_list_remove)
    i.rt_malloc                              0x08003a80   Section        0  kservice.o(i.rt_malloc)
    i.rt_memcpy                              0x08003aa4   Section        0  kservice.o(i.rt_memcpy)
    i.rt_memmove                             0x08003b20   Section        0  kservice.o(i.rt_memmove)
    i.rt_memset                              0x08003b62   Section        0  kservice.o(i.rt_memset)
    i.rt_object_allocate                     0x08003baa   Section        0  object.o(i.rt_object_allocate)
    i.rt_object_delete                       0x08003bfe   Section        0  object.o(i.rt_object_delete)
    i.rt_object_detach                       0x08003c22   Section        0  object.o(i.rt_object_detach)
    i.rt_object_find                         0x08003c40   Section        0  object.o(i.rt_object_find)
    i.rt_object_get_information              0x08003c94   Section        0  object.o(i.rt_object_get_information)
    i.rt_object_init                         0x08003cbc   Section        0  object.o(i.rt_object_init)
    i.rt_object_is_systemobject              0x08003d12   Section        0  object.o(i.rt_object_is_systemobject)
    i.rt_schedule                            0x08003d24   Section        0  scheduler.o(i.rt_schedule)
    i.rt_schedule_insert_thread              0x08003e40   Section        0  scheduler.o(i.rt_schedule_insert_thread)
    i.rt_schedule_remove_thread              0x08003edc   Section        0  scheduler.o(i.rt_schedule_remove_thread)
    i.rt_sem_init                            0x08003f30   Section        0  ipc.o(i.rt_sem_init)
    i.rt_sem_release                         0x08003f56   Section        0  ipc.o(i.rt_sem_release)
    i.rt_sem_take                            0x08003fb4   Section        0  ipc.o(i.rt_sem_take)
    i.rt_set_errno                           0x08004028   Section        0  kservice.o(i.rt_set_errno)
    i.rt_show_version                        0x08004050   Section        0  kservice.o(i.rt_show_version)
    i.rt_smem_alloc                          0x08004114   Section        0  mem.o(i.rt_smem_alloc)
    i.rt_smem_free                           0x08004228   Section        0  mem.o(i.rt_smem_free)
    i.rt_smem_init                           0x08004264   Section        0  mem.o(i.rt_smem_init)
    i.rt_sprintf                             0x08004354   Section        0  kservice.o(i.rt_sprintf)
    i.rt_strerror                            0x08004378   Section        0  kservice.o(i.rt_strerror)
    i.rt_strlen                              0x08004398   Section        0  kservice.o(i.rt_strlen)
    i.rt_strncmp                             0x080043aa   Section        0  kservice.o(i.rt_strncmp)
    i.rt_strncpy                             0x080043d2   Section        0  kservice.o(i.rt_strncpy)
    i.rt_system_heap_init                    0x08004408   Section        0  kservice.o(i.rt_system_heap_init)
    i.rt_system_scheduler_init               0x0800443c   Section        0  scheduler.o(i.rt_system_scheduler_init)
    i.rt_system_scheduler_start              0x08004470   Section        0  scheduler.o(i.rt_system_scheduler_start)
    i.rt_system_timer_init                   0x08004498   Section        0  timer.o(i.rt_system_timer_init)
    i.rt_system_timer_thread_init            0x080044b4   Section        0  timer.o(i.rt_system_timer_thread_init)
    i.rt_thread_create                       0x080044b6   Section        0  thread.o(i.rt_thread_create)
    i.rt_thread_defunct_dequeue              0x08004508   Section        0  idle.o(i.rt_thread_defunct_dequeue)
    i.rt_thread_defunct_enqueue              0x08004544   Section        0  idle.o(i.rt_thread_defunct_enqueue)
    i.rt_thread_idle_entry                   0x08004560   Section        0  idle.o(i.rt_thread_idle_entry)
    rt_thread_idle_entry                     0x08004561   Thumb Code     8  idle.o(i.rt_thread_idle_entry)
    i.rt_thread_idle_init                    0x08004568   Section        0  idle.o(i.rt_thread_idle_init)
    i.rt_thread_init                         0x080045d0   Section        0  thread.o(i.rt_thread_init)
    i.rt_thread_mdelay                       0x08004604   Section        0  thread.o(i.rt_thread_mdelay)
    i.rt_thread_resume                       0x08004618   Section        0  thread.o(i.rt_thread_resume)
    i.rt_thread_self                         0x08004654   Section        0  thread.o(i.rt_thread_self)
    i.rt_thread_sleep                        0x08004660   Section        0  thread.o(i.rt_thread_sleep)
    i.rt_thread_startup                      0x080046a4   Section        0  thread.o(i.rt_thread_startup)
    i.rt_thread_suspend                      0x080046cc   Section        0  thread.o(i.rt_thread_suspend)
    i.rt_tick_from_millisecond               0x08004714   Section        0  clock.o(i.rt_tick_from_millisecond)
    i.rt_tick_get                            0x0800474c   Section        0  clock.o(i.rt_tick_get)
    i.rt_tick_increase                       0x08004758   Section        0  clock.o(i.rt_tick_increase)
    i.rt_timer_check                         0x080047a8   Section        0  timer.o(i.rt_timer_check)
    i.rt_timer_control                       0x0800484c   Section        0  timer.o(i.rt_timer_control)
    i.rt_timer_detach                        0x080048b4   Section        0  timer.o(i.rt_timer_detach)
    i.rt_timer_init                          0x080048dc   Section        0  timer.o(i.rt_timer_init)
    i.rt_timer_start                         0x0800490c   Section        0  timer.o(i.rt_timer_start)
    i.rt_timer_stop                          0x08004a04   Section        0  timer.o(i.rt_timer_stop)
    i.rt_vsnprintf                           0x08004a34   Section        0  kservice.o(i.rt_vsnprintf)
    i.rt_vsprintf                            0x08004d74   Section        0  kservice.o(i.rt_vsprintf)
    i.rti_board_end                          0x08004d8a   Section        0  components.o(i.rti_board_end)
    rti_board_end                            0x08004d8b   Thumb Code     4  components.o(i.rti_board_end)
    i.rti_board_start                        0x08004d8e   Section        0  components.o(i.rti_board_start)
    rti_board_start                          0x08004d8f   Thumb Code     4  components.o(i.rti_board_start)
    i.rti_end                                0x08004d92   Section        0  components.o(i.rti_end)
    rti_end                                  0x08004d93   Thumb Code     4  components.o(i.rti_end)
    i.rti_start                              0x08004d96   Section        0  components.o(i.rti_start)
    rti_start                                0x08004d97   Thumb Code     4  components.o(i.rti_start)
    i.rtthread_startup                       0x08004d9a   Section        0  components.o(i.rtthread_startup)
    i.shell_auto_complete                    0x08004dc4   Section        0  shell.o(i.shell_auto_complete)
    shell_auto_complete                      0x08004dc5   Thumb Code    34  shell.o(i.shell_auto_complete)
    i.show_wait_queue                        0x08004df4   Section        0  cmd.o(i.show_wait_queue)
    show_wait_queue                          0x08004df5   Thumb Code    42  cmd.o(i.show_wait_queue)
    i.skip_atoi                              0x08004e2c   Section        0  kservice.o(i.skip_atoi)
    skip_atoi                                0x08004e2d   Thumb Code    38  kservice.o(i.skip_atoi)
    i.str_common                             0x08004e52   Section        0  msh.o(i.str_common)
    str_common                               0x08004e53   Thumb Code    32  msh.o(i.str_common)
    i.uart_init                              0x08004e74   Section        0  board.o(i.uart_init)
    uart_init                                0x08004e75   Thumb Code    48  board.o(i.uart_init)
    i.usage_fault_track                      0x08004eac   Section        0  cpuport.o(i.usage_fault_track)
    usage_fault_track                        0x08004ead   Thumb Code   122  cpuport.o(i.usage_fault_track)
    i.version                                0x08004f94   Section        0  cmd.o(i.version)
    .constdata                               0x08004f9e   Section       18  stm32f1xx_hal_rcc.o(.constdata)
    aPLLMULFactorTable                       0x08004f9e   Data          16  stm32f1xx_hal_rcc.o(.constdata)
    aPredivFactorTable                       0x08004fae   Data           2  stm32f1xx_hal_rcc.o(.constdata)
    .constdata                               0x08004fb0   Section       24  system_stm32f1xx.o(.constdata)
    .constdata                               0x08004fc8   Section      120  cmd.o(.constdata)
    device_type_str                          0x08004fc8   Data         120  cmd.o(.constdata)
    .constdata                               0x08005040   Section      290  kservice.o(.constdata)
    small_digits                             0x08005140   Data          17  kservice.o(.constdata)
    large_digits                             0x08005151   Data          17  kservice.o(.constdata)
    .conststring                             0x08005164   Section      485  cmd.o(.conststring)
    .conststring                             0x0800534c   Section       88  kservice.o(.conststring)
    .rodata.name                             0x080053a4   Section      217  cmd.o(.rodata.name)
    .rodata.name                             0x0800547d   Section       27  msh.o(.rodata.name)
    .rodata.name                             0x08005498   Section       21  board.o(.rodata.name)
    .rti_fn.0                                0x080054b0   Section        4  components.o(.rti_fn.0)
    __tagsym$$used                           0x080054b0   Number         0  components.o(.rti_fn.0)
    .rti_fn.0.end                            0x080054b4   Section        4  components.o(.rti_fn.0.end)
    __tagsym$$used                           0x080054b4   Number         0  components.o(.rti_fn.0.end)
    .rti_fn.1                                0x080054b8   Section        4  board.o(.rti_fn.1)
    __tagsym$$used                           0x080054b8   Number         0  board.o(.rti_fn.1)
    .rti_fn.1.end                            0x080054bc   Section        4  components.o(.rti_fn.1.end)
    __tagsym$$used                           0x080054bc   Number         0  components.o(.rti_fn.1.end)
    .rti_fn.6                                0x080054c0   Section        4  shell.o(.rti_fn.6)
    __tagsym$$used                           0x080054c0   Number         0  shell.o(.rti_fn.6)
    .rti_fn.6.end                            0x080054c4   Section        4  components.o(.rti_fn.6.end)
    __tagsym$$used                           0x080054c4   Number         0  components.o(.rti_fn.6.end)
    FSymTab                                  0x080054c8   Section       84  cmd.o(FSymTab)
    __tagsym$$used                           0x080054c8   Number         0  cmd.o(FSymTab)
    __tagsym$$used                           0x080054d4   Number         0  cmd.o(FSymTab)
    __tagsym$$used                           0x080054e0   Number         0  cmd.o(FSymTab)
    __tagsym$$used                           0x080054ec   Number         0  cmd.o(FSymTab)
    __tagsym$$used                           0x080054f8   Number         0  cmd.o(FSymTab)
    __tagsym$$used                           0x08005504   Number         0  cmd.o(FSymTab)
    __tagsym$$used                           0x08005510   Number         0  cmd.o(FSymTab)
    FSymTab                                  0x0800551c   Section       12  msh.o(FSymTab)
    __tagsym$$used                           0x0800551c   Number         0  msh.o(FSymTab)
    FSymTab                                  0x08005528   Section       12  board.o(FSymTab)
    __tagsym$$used                           0x08005528   Number         0  board.o(FSymTab)
    .data                                    0x20000000   Section        9  stm32f1xx_hal.o(.data)
    .data                                    0x2000000c   Section        4  system_stm32f1xx.o(.data)
    .data                                    0x20000010   Section       16  shell.o(.data)
    finsh_prompt_custom                      0x2000001c   Data           4  shell.o(.data)
    .data                                    0x20000020   Section       16  cpuport.o(.data)
    rt_exception_hook                        0x2000002c   Data           4  cpuport.o(.data)
    .data                                    0x20000030   Section        4  clock.o(.data)
    rt_tick                                  0x20000030   Data           4  clock.o(.data)
    .data                                    0x20000034   Section        8  idle.o(.data)
    _rt_thread_defunct                       0x20000034   Data           8  idle.o(.data)
    .data                                    0x2000003c   Section        1  irq.o(.data)
    .data                                    0x20000040   Section       60  kservice.o(.data)
    __rt_errno                               0x20000040   Data           4  kservice.o(.data)
    _console_device                          0x20000044   Data           4  kservice.o(.data)
    rt_errno_strs                            0x20000048   Data          48  kservice.o(.data)
    system_heap                              0x20000078   Data           4  kservice.o(.data)
    .data                                    0x2000007c   Section       80  object.o(.data)
    _object_container                        0x2000007c   Data          80  object.o(.data)
    .data                                    0x200000cc   Section       13  scheduler.o(.data)
    rt_scheduler_lock_nest                   0x200000d0   Data           2  scheduler.o(.data)
    .data                                    0x200000dc   Section       12  timer.o(.data)
    _timer_list                              0x200000dc   Data           8  timer.o(.data)
    random_nr                                0x200000e4   Data           4  timer.o(.data)
    .bss                                     0x200000e8   Section       72  usart.o(.bss)
    .bss                                     0x20000130   Section       72  stm32f1xx_hal_timebase_tim.o(.bss)
    .bss                                     0x20000178   Section      129  shell.o(.bss)
    finsh_prompt                             0x20000178   Data         129  shell.o(.bss)
    .bss                                     0x200001fc   Section      376  idle.o(.bss)
    idle                                     0x200001fc   Data         120  idle.o(.bss)
    rt_thread_stack                          0x20000274   Data         256  idle.o(.bss)
    .bss                                     0x20000374   Section      128  kservice.o(.bss)
    rt_log_buf                               0x20000374   Data         128  kservice.o(.bss)
    .bss                                     0x200003f4   Section      256  scheduler.o(.bss)
    .bss                                     0x200004f4   Section    15432  board.o(.bss)
    rt_heap                                  0x200004f4   Data       15360  board.o(.bss)
    UartHandle                               0x200040f4   Data          72  board.o(.bss)
    .bss                                     0x2000413c   Section       96  libspace.o(.bss)
    HEAP                                     0x200041a0   Section      512  startup_stm32f103xb.o(HEAP)
    Heap_Mem                                 0x200041a0   Data         512  startup_stm32f103xb.o(HEAP)
    STACK                                    0x200043a0   Section     1024  startup_stm32f103xb.o(STACK)
    Stack_Mem                                0x200043a0   Data        1024  startup_stm32f103xb.o(STACK)
    __initial_sp                             0x200047a0   Data           0  startup_stm32f103xb.o(STACK)

    Global Symbols

    Symbol Name                              Value     Ov Type        Size  Object(Section)

    BuildAttributes$$THM_ISAv4$P$D$K$B$S$PE$A:L22UL41UL21$X:L11$S22US41US21$IEEE1$IW$USESV6$~STKCKD$USESV7$~SHL$OSPACE$ROPI$EBA8$UX$STANDARDLIB$REQ8$PRES8$EABIv2 0x00000000   Number         0  anon$$obj.o ABSOLUTE
    __ARM_use_no_argv                        0x00000000   Number         0  main.o ABSOLUTE
    __ARM_exceptions_init                     - Undefined Weak Reference
    __alloca_initialize                       - Undefined Weak Reference
    __arm_preinit_                            - Undefined Weak Reference
    __cpp_initialize__aeabi_                  - Undefined Weak Reference
    __cxa_finalize                            - Undefined Weak Reference
    __sigvec_lookup                           - Undefined Weak Reference
    _atexit_init                              - Undefined Weak Reference
    _call_atexit_fns                          - Undefined Weak Reference
    _clock_init                               - Undefined Weak Reference
    _fp_trap_init                             - Undefined Weak Reference
    _fp_trap_shutdown                         - Undefined Weak Reference
    _get_lc_collate                           - Undefined Weak Reference
    _get_lc_monetary                          - Undefined Weak Reference
    _get_lc_numeric                           - Undefined Weak Reference
    _get_lc_time                              - Undefined Weak Reference
    _getenv_init                              - Undefined Weak Reference
    _handle_redirection                       - Undefined Weak Reference
    _init_alloc                               - Undefined Weak Reference
    _init_user_alloc                          - Undefined Weak Reference
    _initio                                   - Undefined Weak Reference
    _rand_init                                - Undefined Weak Reference
    _signal_finish                            - Undefined Weak Reference
    _signal_init                              - Undefined Weak Reference
    _terminate_alloc                          - Undefined Weak Reference
    _terminate_user_alloc                     - Undefined Weak Reference
    _terminateio                              - Undefined Weak Reference
    __Vectors_Size                           0x000000ec   Number         0  startup_stm32f103xb.o ABSOLUTE
    __Vectors                                0x08000000   Data           4  startup_stm32f103xb.o(RESET)
    __Vectors_End                            0x080000ec   Data           0  startup_stm32f103xb.o(RESET)
    __main                                   0x080000ed   Thumb Code     8  __main.o(!!!main)
    __scatterload                            0x080000f5   Thumb Code     0  __scatter.o(!!!scatter)
    __scatterload_rt2                        0x080000f5   Thumb Code    44  __scatter.o(!!!scatter)
    __scatterload_rt2_thumb_only             0x080000f5   Thumb Code     0  __scatter.o(!!!scatter)
    __scatterload_null                       0x08000103   Thumb Code     0  __scatter.o(!!!scatter)
    __scatterload_copy                       0x08000129   Thumb Code    26  __scatter_copy.o(!!handler_copy)
    __scatterload_zeroinit                   0x08000145   Thumb Code    28  __scatter_zi.o(!!handler_zi)
    __rt_lib_init                            0x08000161   Thumb Code     0  libinit.o(.ARM.Collect$$libinit$$00000000)
    __rt_lib_init_alloca_1                   0x08000163   Thumb Code     0  libinit2.o(.ARM.Collect$$libinit$$0000002E)
    __rt_lib_init_argv_1                     0x08000163   Thumb Code     0  libinit2.o(.ARM.Collect$$libinit$$0000002C)
    __rt_lib_init_atexit_1                   0x08000163   Thumb Code     0  libinit2.o(.ARM.Collect$$libinit$$0000001B)
    __rt_lib_init_clock_1                    0x08000163   Thumb Code     0  libinit2.o(.ARM.Collect$$libinit$$00000021)
    __rt_lib_init_cpp_1                      0x08000163   Thumb Code     0  libinit2.o(.ARM.Collect$$libinit$$00000032)
    __rt_lib_init_exceptions_1               0x08000163   Thumb Code     0  libinit2.o(.ARM.Collect$$libinit$$00000030)
    __rt_lib_init_fp_1                       0x08000163   Thumb Code     0  libinit2.o(.ARM.Collect$$libinit$$00000002)
    __rt_lib_init_fp_trap_1                  0x08000163   Thumb Code     0  libinit2.o(.ARM.Collect$$libinit$$0000001F)
    __rt_lib_init_getenv_1                   0x08000163   Thumb Code     0  libinit2.o(.ARM.Collect$$libinit$$00000023)
    __rt_lib_init_heap_1                     0x08000163   Thumb Code     0  libinit2.o(.ARM.Collect$$libinit$$0000000A)
    __rt_lib_init_lc_collate_1               0x08000163   Thumb Code     0  libinit2.o(.ARM.Collect$$libinit$$00000011)
    __rt_lib_init_lc_ctype_1                 0x08000163   Thumb Code     0  libinit2.o(.ARM.Collect$$libinit$$00000013)
    __rt_lib_init_lc_monetary_1              0x08000163   Thumb Code     0  libinit2.o(.ARM.Collect$$libinit$$00000015)
    __rt_lib_init_lc_numeric_1               0x08000163   Thumb Code     0  libinit2.o(.ARM.Collect$$libinit$$00000017)
    __rt_lib_init_lc_time_1                  0x08000163   Thumb Code     0  libinit2.o(.ARM.Collect$$libinit$$00000019)
    __rt_lib_init_preinit_1                  0x08000163   Thumb Code     0  libinit2.o(.ARM.Collect$$libinit$$00000004)
    __rt_lib_init_rand_1                     0x08000163   Thumb Code     0  libinit2.o(.ARM.Collect$$libinit$$0000000E)
    __rt_lib_init_return                     0x08000163   Thumb Code     0  libinit2.o(.ARM.Collect$$libinit$$00000033)
    __rt_lib_init_signal_1                   0x08000163   Thumb Code     0  libinit2.o(.ARM.Collect$$libinit$$0000001D)
    __rt_lib_init_stdio_1                    0x08000163   Thumb Code     0  libinit2.o(.ARM.Collect$$libinit$$00000025)
    __rt_lib_init_user_alloc_1               0x08000163   Thumb Code     0  libinit2.o(.ARM.Collect$$libinit$$0000000C)
    __rt_lib_shutdown                        0x08000165   Thumb Code     0  libshutdown.o(.ARM.Collect$$libshutdown$$00000000)
    __rt_lib_shutdown_cpp_1                  0x08000167   Thumb Code     0  libshutdown2.o(.ARM.Collect$$libshutdown$$00000002)
    __rt_lib_shutdown_fp_trap_1              0x08000167   Thumb Code     0  libshutdown2.o(.ARM.Collect$$libshutdown$$00000007)
    __rt_lib_shutdown_heap_1                 0x08000167   Thumb Code     0  libshutdown2.o(.ARM.Collect$$libshutdown$$0000000F)
    __rt_lib_shutdown_return                 0x08000167   Thumb Code     0  libshutdown2.o(.ARM.Collect$$libshutdown$$00000010)
    __rt_lib_shutdown_signal_1               0x08000167   Thumb Code     0  libshutdown2.o(.ARM.Collect$$libshutdown$$0000000A)
    __rt_lib_shutdown_stdio_1                0x08000167   Thumb Code     0  libshutdown2.o(.ARM.Collect$$libshutdown$$00000004)
    __rt_lib_shutdown_user_alloc_1           0x08000167   Thumb Code     0  libshutdown2.o(.ARM.Collect$$libshutdown$$0000000C)
    __rt_entry                               0x08000169   Thumb Code     0  __rtentry.o(.ARM.Collect$$rtentry$$00000000)
    __rt_entry_presh_1                       0x08000169   Thumb Code     0  __rtentry2.o(.ARM.Collect$$rtentry$$00000002)
    __rt_entry_sh                            0x08000169   Thumb Code     0  __rtentry4.o(.ARM.Collect$$rtentry$$00000004)
    __rt_entry_li                            0x0800016f   Thumb Code     0  __rtentry2.o(.ARM.Collect$$rtentry$$0000000A)
    __rt_entry_postsh_1                      0x0800016f   Thumb Code     0  __rtentry2.o(.ARM.Collect$$rtentry$$00000009)
    __rt_entry_main                          0x08000173   Thumb Code     0  __rtentry2.o(.ARM.Collect$$rtentry$$0000000D)
    __rt_entry_postli_1                      0x08000173   Thumb Code     0  __rtentry2.o(.ARM.Collect$$rtentry$$0000000C)
    __rt_exit                                0x0800017b   Thumb Code     0  rtexit.o(.ARM.Collect$$rtexit$$00000000)
    __rt_exit_ls                             0x0800017d   Thumb Code     0  rtexit2.o(.ARM.Collect$$rtexit$$00000003)
    __rt_exit_prels_1                        0x0800017d   Thumb Code     0  rtexit2.o(.ARM.Collect$$rtexit$$00000002)
    __rt_exit_exit                           0x08000181   Thumb Code     0  rtexit2.o(.ARM.Collect$$rtexit$$00000004)
    Reset_Handler                            0x08000189   Thumb Code     8  startup_stm32f103xb.o(.text)
    SVC_Handler                              0x0800019b   Thumb Code     2  startup_stm32f103xb.o(.text)
    ADC1_2_IRQHandler                        0x080001a3   Thumb Code     0  startup_stm32f103xb.o(.text)
    CAN1_RX1_IRQHandler                      0x080001a3   Thumb Code     0  startup_stm32f103xb.o(.text)
    CAN1_SCE_IRQHandler                      0x080001a3   Thumb Code     0  startup_stm32f103xb.o(.text)
    DMA1_Channel1_IRQHandler                 0x080001a3   Thumb Code     0  startup_stm32f103xb.o(.text)
    DMA1_Channel2_IRQHandler                 0x080001a3   Thumb Code     0  startup_stm32f103xb.o(.text)
    DMA1_Channel3_IRQHandler                 0x080001a3   Thumb Code     0  startup_stm32f103xb.o(.text)
    DMA1_Channel4_IRQHandler                 0x080001a3   Thumb Code     0  startup_stm32f103xb.o(.text)
    DMA1_Channel5_IRQHandler                 0x080001a3   Thumb Code     0  startup_stm32f103xb.o(.text)
    DMA1_Channel6_IRQHandler                 0x080001a3   Thumb Code     0  startup_stm32f103xb.o(.text)
    DMA1_Channel7_IRQHandler                 0x080001a3   Thumb Code     0  startup_stm32f103xb.o(.text)
    EXTI0_IRQHandler                         0x080001a3   Thumb Code     0  startup_stm32f103xb.o(.text)
    EXTI15_10_IRQHandler                     0x080001a3   Thumb Code     0  startup_stm32f103xb.o(.text)
    EXTI1_IRQHandler                         0x080001a3   Thumb Code     0  startup_stm32f103xb.o(.text)
    EXTI2_IRQHandler                         0x080001a3   Thumb Code     0  startup_stm32f103xb.o(.text)
    EXTI3_IRQHandler                         0x080001a3   Thumb Code     0  startup_stm32f103xb.o(.text)
    EXTI4_IRQHandler                         0x080001a3   Thumb Code     0  startup_stm32f103xb.o(.text)
    EXTI9_5_IRQHandler                       0x080001a3   Thumb Code     0  startup_stm32f103xb.o(.text)
    FLASH_IRQHandler                         0x080001a3   Thumb Code     0  startup_stm32f103xb.o(.text)
    I2C1_ER_IRQHandler                       0x080001a3   Thumb Code     0  startup_stm32f103xb.o(.text)
    I2C1_EV_IRQHandler                       0x080001a3   Thumb Code     0  startup_stm32f103xb.o(.text)
    I2C2_ER_IRQHandler                       0x080001a3   Thumb Code     0  startup_stm32f103xb.o(.text)
    I2C2_EV_IRQHandler                       0x080001a3   Thumb Code     0  startup_stm32f103xb.o(.text)
    PVD_IRQHandler                           0x080001a3   Thumb Code     0  startup_stm32f103xb.o(.text)
    RCC_IRQHandler                           0x080001a3   Thumb Code     0  startup_stm32f103xb.o(.text)
    RTC_Alarm_IRQHandler                     0x080001a3   Thumb Code     0  startup_stm32f103xb.o(.text)
    RTC_IRQHandler                           0x080001a3   Thumb Code     0  startup_stm32f103xb.o(.text)
    SPI1_IRQHandler                          0x080001a3   Thumb Code     0  startup_stm32f103xb.o(.text)
    SPI2_IRQHandler                          0x080001a3   Thumb Code     0  startup_stm32f103xb.o(.text)
    TAMPER_IRQHandler                        0x080001a3   Thumb Code     0  startup_stm32f103xb.o(.text)
    TIM1_BRK_IRQHandler                      0x080001a3   Thumb Code     0  startup_stm32f103xb.o(.text)
    TIM1_CC_IRQHandler                       0x080001a3   Thumb Code     0  startup_stm32f103xb.o(.text)
    TIM1_TRG_COM_IRQHandler                  0x080001a3   Thumb Code     0  startup_stm32f103xb.o(.text)
    TIM1_UP_IRQHandler                       0x080001a3   Thumb Code     0  startup_stm32f103xb.o(.text)
    TIM2_IRQHandler                          0x080001a3   Thumb Code     0  startup_stm32f103xb.o(.text)
    TIM3_IRQHandler                          0x080001a3   Thumb Code     0  startup_stm32f103xb.o(.text)
    USART1_IRQHandler                        0x080001a3   Thumb Code     0  startup_stm32f103xb.o(.text)
    USART2_IRQHandler                        0x080001a3   Thumb Code     0  startup_stm32f103xb.o(.text)
    USART3_IRQHandler                        0x080001a3   Thumb Code     0  startup_stm32f103xb.o(.text)
    USBWakeUp_IRQHandler                     0x080001a3   Thumb Code     0  startup_stm32f103xb.o(.text)
    USB_HP_CAN1_TX_IRQHandler                0x080001a3   Thumb Code     0  startup_stm32f103xb.o(.text)
    USB_LP_CAN1_RX0_IRQHandler               0x080001a3   Thumb Code     0  startup_stm32f103xb.o(.text)
    WWDG_IRQHandler                          0x080001a3   Thumb Code     0  startup_stm32f103xb.o(.text)
    __user_initial_stackheap                 0x080001a5   Thumb Code     0  startup_stm32f103xb.o(.text)
    rt_hw_interrupt_disable                  0x080001c9   Thumb Code     8  context_rvds.o(.text)
    rt_hw_interrupt_enable                   0x080001d1   Thumb Code     6  context_rvds.o(.text)
    rt_hw_context_switch                     0x080001d7   Thumb Code    32  context_rvds.o(.text)
    rt_hw_context_switch_interrupt           0x080001d7   Thumb Code     0  context_rvds.o(.text)
    PendSV_Handler                           0x080001f7   Thumb Code    60  context_rvds.o(.text)
    rt_hw_context_switch_to                  0x08000233   Thumb Code    64  context_rvds.o(.text)
    rt_hw_interrupt_thread_switch            0x08000273   Thumb Code     2  context_rvds.o(.text)
    HardFault_Handler                        0x08000275   Thumb Code    52  context_rvds.o(.text)
    strcpy                                   0x080002c5   Thumb Code    72  strcpy.o(.text)
    strlen                                   0x0800030d   Thumb Code    62  strlen.o(.text)
    strncmp                                  0x0800034b   Thumb Code   150  strncmp.o(.text)
    strcat                                   0x080003e1   Thumb Code    24  strcat.o(.text)
    __aeabi_memclr4                          0x080003f9   Thumb Code     0  rt_memclr_w.o(.text)
    __aeabi_memclr8                          0x080003f9   Thumb Code     0  rt_memclr_w.o(.text)
    __rt_memclr_w                            0x080003f9   Thumb Code    78  rt_memclr_w.o(.text)
    _memset_w                                0x080003fd   Thumb Code     0  rt_memclr_w.o(.text)
    strncpy                                  0x08000447   Thumb Code    86  strncpy.o(.text)
    strcmp                                   0x0800049d   Thumb Code   128  strcmpv7m.o(.text)
    __use_two_region_memory                  0x0800051d   Thumb Code     2  heapauxi.o(.text)
    __rt_heap_escrow$2region                 0x0800051f   Thumb Code     2  heapauxi.o(.text)
    __rt_heap_expand$2region                 0x08000521   Thumb Code     2  heapauxi.o(.text)
    __aeabi_memclr                           0x08000523   Thumb Code     0  rt_memclr.o(.text)
    __rt_memclr                              0x08000523   Thumb Code    68  rt_memclr.o(.text)
    _memset                                  0x08000527   Thumb Code     0  rt_memclr.o(.text)
    __user_libspace                          0x08000569   Thumb Code     8  libspace.o(.text)
    __user_perproc_libspace                  0x08000569   Thumb Code     0  libspace.o(.text)
    __user_perthread_libspace                0x08000569   Thumb Code     0  libspace.o(.text)
    __user_setup_stackheap                   0x08000571   Thumb Code    74  sys_stackheap_outer.o(.text)
    exit                                     0x080005bb   Thumb Code    18  exit.o(.text)
    _sys_exit                                0x080005cd   Thumb Code     8  sys_exit.o(.text)
    __I$use$semihosting                      0x080005d9   Thumb Code     0  use_no_semi.o(.text)
    __use_no_semihosting_swi                 0x080005d9   Thumb Code     2  use_no_semi.o(.text)
    __semihosting_library_function           0x080005db   Thumb Code     0  indicate_semi.o(.text)
    main                                     0x080005db   Thumb Code    10  components.o(i.$Sub$$main)
    BusFault_Handler                         0x080005e5   Thumb Code     4  stm32f1xx_it.o(i.BusFault_Handler)
    DebugMon_Handler                         0x080005e9   Thumb Code     2  stm32f1xx_it.o(i.DebugMon_Handler)
    Error_Handler                            0x080005eb   Thumb Code     6  main.o(i.Error_Handler)
    HAL_GPIO_Init                            0x080005f1   Thumb Code   766  stm32f1xx_hal_gpio.o(i.HAL_GPIO_Init)
    HAL_GPIO_WritePin                        0x08000911   Thumb Code    12  stm32f1xx_hal_gpio.o(i.HAL_GPIO_WritePin)
    HAL_GetTick                              0x0800091d   Thumb Code     6  stm32f1xx_hal.o(i.HAL_GetTick)
    HAL_IncTick                              0x08000929   Thumb Code    16  stm32f1xx_hal.o(i.HAL_IncTick)
    HAL_Init                                 0x08000941   Thumb Code    34  stm32f1xx_hal.o(i.HAL_Init)
    HAL_InitTick                             0x08000969   Thumb Code   158  stm32f1xx_hal_timebase_tim.o(i.HAL_InitTick)
    HAL_MspInit                              0x08000a1d   Thumb Code    76  stm32f1xx_hal_msp.o(i.HAL_MspInit)
    HAL_NVIC_EnableIRQ                       0x08000a71   Thumb Code    32  stm32f1xx_hal_cortex.o(i.HAL_NVIC_EnableIRQ)
    HAL_NVIC_SetPriority                     0x08000a91   Thumb Code   124  stm32f1xx_hal_cortex.o(i.HAL_NVIC_SetPriority)
    HAL_NVIC_SetPriorityGrouping             0x08000b0d   Thumb Code    32  stm32f1xx_hal_cortex.o(i.HAL_NVIC_SetPriorityGrouping)
    HAL_RCC_ClockConfig                      0x08000b35   Thumb Code   376  stm32f1xx_hal_rcc.o(i.HAL_RCC_ClockConfig)
    HAL_RCC_GetClockConfig                   0x08000cc1   Thumb Code    58  stm32f1xx_hal_rcc.o(i.HAL_RCC_GetClockConfig)
    HAL_RCC_GetHCLKFreq                      0x08000d05   Thumb Code     6  stm32f1xx_hal_rcc.o(i.HAL_RCC_GetHCLKFreq)
    HAL_RCC_GetPCLK1Freq                     0x08000d11   Thumb Code    22  stm32f1xx_hal_rcc.o(i.HAL_RCC_GetPCLK1Freq)
    HAL_RCC_GetPCLK2Freq                     0x08000d31   Thumb Code    22  stm32f1xx_hal_rcc.o(i.HAL_RCC_GetPCLK2Freq)
    HAL_RCC_GetSysClockFreq                  0x08000d51   Thumb Code    92  stm32f1xx_hal_rcc.o(i.HAL_RCC_GetSysClockFreq)
    HAL_RCC_OscConfig                        0x08000dc1   Thumb Code  1114  stm32f1xx_hal_rcc.o(i.HAL_RCC_OscConfig)
    HAL_SYSTICK_Config                       0x08001225   Thumb Code    52  stm32f1xx_hal_cortex.o(i.HAL_SYSTICK_Config)
    HAL_TIMEx_BreakCallback                  0x08001259   Thumb Code     2  stm32f1xx_hal_tim_ex.o(i.HAL_TIMEx_BreakCallback)
    HAL_TIMEx_CommutCallback                 0x0800125b   Thumb Code     2  stm32f1xx_hal_tim_ex.o(i.HAL_TIMEx_CommutCallback)
    HAL_TIM_Base_Init                        0x0800125d   Thumb Code   102  stm32f1xx_hal_tim.o(i.HAL_TIM_Base_Init)
    HAL_TIM_Base_MspInit                     0x080012c3   Thumb Code     2  stm32f1xx_hal_tim.o(i.HAL_TIM_Base_MspInit)
    HAL_TIM_Base_Start_IT                    0x080012c5   Thumb Code   106  stm32f1xx_hal_tim.o(i.HAL_TIM_Base_Start_IT)
    HAL_TIM_IC_CaptureCallback               0x0800133d   Thumb Code     2  stm32f1xx_hal_tim.o(i.HAL_TIM_IC_CaptureCallback)
    HAL_TIM_IRQHandler                       0x0800133f   Thumb Code   364  stm32f1xx_hal_tim.o(i.HAL_TIM_IRQHandler)
    HAL_TIM_OC_DelayElapsedCallback          0x080014ab   Thumb Code     2  stm32f1xx_hal_tim.o(i.HAL_TIM_OC_DelayElapsedCallback)
    HAL_TIM_PWM_PulseFinishedCallback        0x080014ad   Thumb Code     2  stm32f1xx_hal_tim.o(i.HAL_TIM_PWM_PulseFinishedCallback)
    HAL_TIM_PeriodElapsedCallback            0x080014b1   Thumb Code    18  main.o(i.HAL_TIM_PeriodElapsedCallback)
    HAL_TIM_TriggerCallback                  0x080014c9   Thumb Code     2  stm32f1xx_hal_tim.o(i.HAL_TIM_TriggerCallback)
    HAL_UART_Init                            0x080014cb   Thumb Code   118  stm32f1xx_hal_uart.o(i.HAL_UART_Init)
    HAL_UART_MspInit                         0x08001541   Thumb Code   122  usart.o(i.HAL_UART_MspInit)
    HAL_UART_Transmit                        0x080015c9   Thumb Code   190  stm32f1xx_hal_uart.o(i.HAL_UART_Transmit)
    MX_GPIO_Init                             0x08001689   Thumb Code   136  gpio.o(i.MX_GPIO_Init)
    MX_USART1_UART_Init                      0x08001719   Thumb Code    46  usart.o(i.MX_USART1_UART_Init)
    MemManage_Handler                        0x08001751   Thumb Code     4  stm32f1xx_it.o(i.MemManage_Handler)
    NMI_Handler                              0x08001755   Thumb Code     4  stm32f1xx_it.o(i.NMI_Handler)
    SysTick_Handler                          0x08001781   Thumb Code    16  board.o(i.SysTick_Handler)
    SystemClock_Config                       0x08001791   Thumb Code   102  main.o(i.SystemClock_Config)
    SystemCoreClockUpdate                    0x080017f9   Thumb Code   142  system_stm32f1xx.o(i.SystemCoreClockUpdate)
    SystemInit                               0x0800189d   Thumb Code     2  system_stm32f1xx.o(i.SystemInit)
    TIM4_IRQHandler                          0x080018a1   Thumb Code    10  stm32f1xx_it.o(i.TIM4_IRQHandler)
    TIM_Base_SetConfig                       0x080018b1   Thumb Code   120  stm32f1xx_hal_tim.o(i.TIM_Base_SetConfig)
    UsageFault_Handler                       0x08001b29   Thumb Code     4  stm32f1xx_it.o(i.UsageFault_Handler)
    __rt_ffs                                 0x08001b65   Thumb Code    70  kservice.o(i.__rt_ffs)
    cmd_list                                 0x08001f29   Thumb Code   122  cmd.o(i.cmd_list)
    finsh_get_prompt                         0x08002055   Thumb Code    66  shell.o(i.finsh_get_prompt)
    finsh_getchar                            0x080020b1   Thumb Code    80  shell.o(i.finsh_getchar)
    finsh_set_device                         0x0800211d   Thumb Code   130  shell.o(i.finsh_set_device)
    finsh_set_prompt_mode                    0x080021c9   Thumb Code    22  shell.o(i.finsh_set_prompt_mode)
    finsh_system_function_init               0x080021e5   Thumb Code    10  shell.o(i.finsh_system_function_init)
    finsh_system_init                        0x080021f9   Thumb Code    98  shell.o(i.finsh_system_init)
    finsh_thread_entry                       0x08002295   Thumb Code   954  shell.o(i.finsh_thread_entry)
    list_device                              0x08002721   Thumb Code   178  cmd.o(i.list_device)
    list_sem                                 0x080028fd   Thumb Code   224  cmd.o(i.list_sem)
    list_thread                              0x08002a3d   Thumb Code   302  cmd.o(i.list_thread)
    list_timer                               0x08002c29   Thumb Code   212  cmd.o(i.list_timer)
    $Super$$main                             0x08002dd1   Thumb Code    52  main.o(i.main)
    main_thread_entry                        0x08002e0d   Thumb Code    14  components.o(i.main_thread_entry)
    msh_auto_complete                        0x08002f05   Thumb Code   120  msh.o(i.msh_auto_complete)
    msh_exec                                 0x08002f89   Thumb Code    84  msh.o(i.msh_exec)
    msh_help                                 0x08003035   Thumb Code    48  msh.o(i.msh_help)
    rt_application_init                      0x080033b1   Thumb Code    34  components.o(i.rt_application_init)
    rt_calloc                                0x080033e1   Thumb Code    34  kservice.o(i.rt_calloc)
    rt_components_board_init                 0x08003405   Thumb Code    20  components.o(i.rt_components_board_init)
    rt_components_init                       0x08003421   Thumb Code    20  components.o(i.rt_components_init)
    rt_console_get_device                    0x0800343d   Thumb Code     6  kservice.o(i.rt_console_get_device)
    rt_device_close                          0x08003487   Thumb Code    54  device.o(i.rt_device_close)
    rt_device_find                           0x080034bd   Thumb Code    14  device.o(i.rt_device_find)
    rt_device_open                           0x080034cb   Thumb Code   112  device.o(i.rt_device_open)
    rt_device_read                           0x0800353b   Thumb Code    62  device.o(i.rt_device_read)
    rt_device_set_rx_indicate                0x08003579   Thumb Code     8  device.o(i.rt_device_set_rx_indicate)
    rt_device_write                          0x08003581   Thumb Code    62  device.o(i.rt_device_write)
    rt_enter_critical                        0x080035c1   Thumb Code    28  scheduler.o(i.rt_enter_critical)
    rt_exit_critical                         0x080035e1   Thumb Code    60  scheduler.o(i.rt_exit_critical)
    rt_free                                  0x08003625   Thumb Code    30  kservice.o(i.rt_free)
    rt_heap_begin_get                        0x08003645   Thumb Code     4  board.o(i.rt_heap_begin_get)
    rt_heap_end_get                          0x0800364d   Thumb Code     4  board.o(i.rt_heap_end_get)
    rt_hw_board_init                         0x08003655   Thumb Code    56  board.o(i.rt_hw_board_init)
    rt_hw_console_output                     0x0800368d   Thumb Code    74  board.o(i.rt_hw_console_output)
    rt_hw_cpu_reset                          0x080036dd   Thumb Code     8  cpuport.o(i.rt_hw_cpu_reset)
    rt_hw_hard_fault_exception               0x080036ed   Thumb Code   194  cpuport.o(i.rt_hw_hard_fault_exception)
    rt_hw_stack_init                         0x080038f1   Thumb Code    70  cpuport.o(i.rt_hw_stack_init)
    rt_interrupt_enter                       0x0800393d   Thumb Code    26  irq.o(i.rt_interrupt_enter)
    rt_interrupt_get_nest                    0x0800395d   Thumb Code    22  irq.o(i.rt_interrupt_get_nest)
    rt_interrupt_leave                       0x08003979   Thumb Code    26  irq.o(i.rt_interrupt_leave)
    rt_kprintf                               0x08003999   Thumb Code    68  kservice.o(i.rt_kprintf)
    rt_malloc                                0x08003a81   Thumb Code    32  kservice.o(i.rt_malloc)
    rt_memcpy                                0x08003aa5   Thumb Code   124  kservice.o(i.rt_memcpy)
    rt_memmove                               0x08003b21   Thumb Code    66  kservice.o(i.rt_memmove)
    rt_memset                                0x08003b63   Thumb Code    72  kservice.o(i.rt_memset)
    rt_object_allocate                       0x08003bab   Thumb Code    84  object.o(i.rt_object_allocate)
    rt_object_delete                         0x08003bff   Thumb Code    36  object.o(i.rt_object_delete)
    rt_object_detach                         0x08003c23   Thumb Code    30  object.o(i.rt_object_detach)
    rt_object_find                           0x08003c41   Thumb Code    82  object.o(i.rt_object_find)
    rt_object_get_information                0x08003c95   Thumb Code    36  object.o(i.rt_object_get_information)
    rt_object_init                           0x08003cbd   Thumb Code    86  object.o(i.rt_object_init)
    rt_object_is_systemobject                0x08003d13   Thumb Code    18  object.o(i.rt_object_is_systemobject)
    rt_schedule                              0x08003d25   Thumb Code   262  scheduler.o(i.rt_schedule)
    rt_schedule_insert_thread                0x08003e41   Thumb Code   142  scheduler.o(i.rt_schedule_insert_thread)
    rt_schedule_remove_thread                0x08003edd   Thumb Code    76  scheduler.o(i.rt_schedule_remove_thread)
    rt_sem_init                              0x08003f31   Thumb Code    38  ipc.o(i.rt_sem_init)
    rt_sem_release                           0x08003f57   Thumb Code    94  ipc.o(i.rt_sem_release)
    rt_sem_take                              0x08003fb5   Thumb Code   116  ipc.o(i.rt_sem_take)
    rt_set_errno                             0x08004029   Thumb Code    36  kservice.o(i.rt_set_errno)
    rt_show_version                          0x08004051   Thumb Code    42  kservice.o(i.rt_show_version)
    rt_smem_alloc                            0x08004115   Thumb Code   276  mem.o(i.rt_smem_alloc)
    rt_smem_free                             0x08004229   Thumb Code    58  mem.o(i.rt_smem_free)
    rt_smem_init                             0x08004265   Thumb Code   172  mem.o(i.rt_smem_init)
    rt_sprintf                               0x08004355   Thumb Code    34  kservice.o(i.rt_sprintf)
    rt_strerror                              0x08004379   Thumb Code    26  kservice.o(i.rt_strerror)
    rt_strlen                                0x08004399   Thumb Code    18  kservice.o(i.rt_strlen)
    rt_strncmp                               0x080043ab   Thumb Code    40  kservice.o(i.rt_strncmp)
    rt_strncpy                               0x080043d3   Thumb Code    52  kservice.o(i.rt_strncpy)
    rt_system_heap_init                      0x08004409   Thumb Code    40  kservice.o(i.rt_system_heap_init)
    rt_system_scheduler_init                 0x0800443d   Thumb Code    38  scheduler.o(i.rt_system_scheduler_init)
    rt_system_scheduler_start                0x08004471   Thumb Code    36  scheduler.o(i.rt_system_scheduler_start)
    rt_system_timer_init                     0x08004499   Thumb Code    24  timer.o(i.rt_system_timer_init)
    rt_system_timer_thread_init              0x080044b5   Thumb Code     2  timer.o(i.rt_system_timer_thread_init)
    rt_thread_create                         0x080044b7   Thumb Code    80  thread.o(i.rt_thread_create)
    rt_thread_defunct_dequeue                0x08004509   Thumb Code    56  idle.o(i.rt_thread_defunct_dequeue)
    rt_thread_defunct_enqueue                0x08004545   Thumb Code    24  idle.o(i.rt_thread_defunct_enqueue)
    rt_thread_idle_init                      0x08004569   Thumb Code    82  idle.o(i.rt_thread_idle_init)
    rt_thread_init                           0x080045d1   Thumb Code    52  thread.o(i.rt_thread_init)
    rt_thread_mdelay                         0x08004605   Thumb Code    20  thread.o(i.rt_thread_mdelay)
    rt_thread_resume                         0x08004619   Thumb Code    60  thread.o(i.rt_thread_resume)
    rt_thread_self                           0x08004655   Thumb Code     6  thread.o(i.rt_thread_self)
    rt_thread_sleep                          0x08004661   Thumb Code    68  thread.o(i.rt_thread_sleep)
    rt_thread_startup                        0x080046a5   Thumb Code    40  thread.o(i.rt_thread_startup)
    rt_thread_suspend                        0x080046cd   Thumb Code    72  thread.o(i.rt_thread_suspend)
    rt_tick_from_millisecond                 0x08004715   Thumb Code    56  clock.o(i.rt_tick_from_millisecond)
    rt_tick_get                              0x0800474d   Thumb Code     6  clock.o(i.rt_tick_get)
    rt_tick_increase                         0x08004759   Thumb Code    74  clock.o(i.rt_tick_increase)
    rt_timer_check                           0x080047a9   Thumb Code   160  timer.o(i.rt_timer_check)
    rt_timer_control                         0x0800484d   Thumb Code   104  timer.o(i.rt_timer_control)
    rt_timer_detach                          0x080048b5   Thumb Code    40  timer.o(i.rt_timer_detach)
    rt_timer_init                            0x080048dd   Thumb Code    46  timer.o(i.rt_timer_init)
    rt_timer_start                           0x0800490d   Thumb Code   240  timer.o(i.rt_timer_start)
    rt_timer_stop                            0x08004a05   Thumb Code    48  timer.o(i.rt_timer_stop)
    rt_vsnprintf                             0x08004a35   Thumb Code   824  kservice.o(i.rt_vsnprintf)
    rt_vsprintf                              0x08004d75   Thumb Code    22  kservice.o(i.rt_vsprintf)
    rtthread_startup                         0x08004d9b   Thumb Code    42  components.o(i.rtthread_startup)
    version                                  0x08004f95   Thumb Code    10  cmd.o(i.version)
    AHBPrescTable                            0x08004fb0   Data          16  system_stm32f1xx.o(.constdata)
    APBPrescTable                            0x08004fc0   Data           8  system_stm32f1xx.o(.constdata)
    __lowest_bit_bitmap                      0x08005040   Data         256  kservice.o(.constdata)
    __fsym_clear_name                        0x080053a4   Data           6  cmd.o(.rodata.name)
    __fsym_clear_desc                        0x080053aa   Data          26  cmd.o(.rodata.name)
    __fsym_version_name                      0x080053c4   Data           8  cmd.o(.rodata.name)
    __fsym_version_desc                      0x080053cc   Data          35  cmd.o(.rodata.name)
    __fsym_list_thread_name                  0x080053ef   Data          12  cmd.o(.rodata.name)
    __fsym_list_thread_desc                  0x080053fb   Data          12  cmd.o(.rodata.name)
    __fsym_list_sem_name                     0x08005407   Data           9  cmd.o(.rodata.name)
    __fsym_list_sem_desc                     0x08005410   Data          25  cmd.o(.rodata.name)
    __fsym_list_timer_name                   0x08005429   Data          11  cmd.o(.rodata.name)
    __fsym_list_timer_desc                   0x08005434   Data          21  cmd.o(.rodata.name)
    __fsym_list_device_name                  0x08005449   Data          12  cmd.o(.rodata.name)
    __fsym_list_device_desc                  0x08005455   Data          22  cmd.o(.rodata.name)
    __fsym_list_name                         0x0800546b   Data           5  cmd.o(.rodata.name)
    __fsym_list_desc                         0x08005470   Data          13  cmd.o(.rodata.name)
    __fsym_help_name                         0x0800547d   Data           5  msh.o(.rodata.name)
    __fsym_help_desc                         0x08005482   Data          22  msh.o(.rodata.name)
    __fsym_reboot_name                       0x08005498   Data           7  board.o(.rodata.name)
    __fsym_reboot_desc                       0x0800549f   Data          14  board.o(.rodata.name)
    __rt_init_rti_start                      0x080054b0   Data           4  components.o(.rti_fn.0)
    __rt_init_rti_board_start                0x080054b4   Data           4  components.o(.rti_fn.0.end)
    __rt_init_uart_init                      0x080054b8   Data           4  board.o(.rti_fn.1)
    __rt_init_rti_board_end                  0x080054bc   Data           4  components.o(.rti_fn.1.end)
    __rt_init_finsh_system_init              0x080054c0   Data           4  shell.o(.rti_fn.6)
    __rt_init_rti_end                        0x080054c4   Data           4  components.o(.rti_fn.6.end)
    FSymTab$$Base                            0x080054c8   Number         0  cmd.o(FSymTab)
    __fsym_clear                             0x080054c8   Data          12  cmd.o(FSymTab)
    __fsym_version                           0x080054d4   Data          12  cmd.o(FSymTab)
    __fsym_list_thread                       0x080054e0   Data          12  cmd.o(FSymTab)
    __fsym_list_sem                          0x080054ec   Data          12  cmd.o(FSymTab)
    __fsym_list_timer                        0x080054f8   Data          12  cmd.o(FSymTab)
    __fsym_list_device                       0x08005504   Data          12  cmd.o(FSymTab)
    __fsym_list                              0x08005510   Data          12  cmd.o(FSymTab)
    __fsym_help                              0x0800551c   Data          12  msh.o(FSymTab)
    __fsym_reboot                            0x08005528   Data          12  board.o(FSymTab)
    FSymTab$$Limit                           0x08005534   Number         0  board.o(FSymTab)
    Region$$Table$$Base                      0x08005534   Number         0  anon$$obj.o(Region$$Table)
    Region$$Table$$Limit                     0x08005554   Number         0  anon$$obj.o(Region$$Table)
    uwTick                                   0x20000000   Data           4  stm32f1xx_hal.o(.data)
    uwTickPrio                               0x20000004   Data           4  stm32f1xx_hal.o(.data)
    uwTickFreq                               0x20000008   Data           1  stm32f1xx_hal.o(.data)
    SystemCoreClock                          0x2000000c   Data           4  system_stm32f1xx.o(.data)
    _syscall_table_begin                     0x20000010   Data           4  shell.o(.data)
    _syscall_table_end                       0x20000014   Data           4  shell.o(.data)
    shell                                    0x20000018   Data           4  shell.o(.data)
    rt_interrupt_from_thread                 0x20000020   Data           4  cpuport.o(.data)
    rt_interrupt_to_thread                   0x20000024   Data           4  cpuport.o(.data)
    rt_thread_switch_interrupt_flag          0x20000028   Data           4  cpuport.o(.data)
    rt_interrupt_nest                        0x2000003c   Data           1  irq.o(.data)
    rt_thread_ready_priority_group           0x200000cc   Data           4  scheduler.o(.data)
    rt_current_thread                        0x200000d4   Data           4  scheduler.o(.data)
    rt_current_priority                      0x200000d8   Data           1  scheduler.o(.data)
    huart1                                   0x200000e8   Data          72  usart.o(.bss)
    htim4                                    0x20000130   Data          72  stm32f1xx_hal_timebase_tim.o(.bss)
    rt_thread_priority_table                 0x200003f4   Data         256  scheduler.o(.bss)
    __libspace_start                         0x2000413c   Data          96  libspace.o(.bss)
    __temporary_stack_top$libspace           0x2000419c   Data           0  libspace.o(.bss)



==============================================================================

Memory Map of the image

  Image Entry point : 0x080000ed

  Load Region LR_IROM1 (Base: 0x08000000, Size: 0x0000563c, Max: 0x00010000, ABSOLUTE)

    Execution Region ER_IROM1 (Exec base: 0x08000000, Load base: 0x08000000, Size: 0x00005554, Max: 0x00010000, ABSOLUTE)

    Exec Addr    Load Addr    Size         Type   Attr      Idx    E Section Name        Object

    0x08000000   0x08000000   0x000000ec   Data   RO            3    RESET               startup_stm32f103xb.o
    0x080000ec   0x080000ec   0x00000008   Code   RO         4288  * !!!main             c_w.l(__main.o)
    0x080000f4   0x080000f4   0x00000034   Code   RO         4455    !!!scatter          c_w.l(__scatter.o)
    0x08000128   0x08000128   0x0000001a   Code   RO         4457    !!handler_copy      c_w.l(__scatter_copy.o)
    0x08000142   0x08000142   0x00000002   PAD
    0x08000144   0x08000144   0x0000001c   Code   RO         4459    !!handler_zi        c_w.l(__scatter_zi.o)
    0x08000160   0x08000160   0x00000002   Code   RO         4375    .ARM.Collect$$libinit$$00000000  c_w.l(libinit.o)
    0x08000162   0x08000162   0x00000000   Code   RO         4320    .ARM.Collect$$libinit$$00000002  c_w.l(libinit2.o)
    0x08000162   0x08000162   0x00000000   Code   RO         4322    .ARM.Collect$$libinit$$00000004  c_w.l(libinit2.o)
    0x08000162   0x08000162   0x00000000   Code   RO         4325    .ARM.Collect$$libinit$$0000000A  c_w.l(libinit2.o)
    0x08000162   0x08000162   0x00000000   Code   RO         4327    .ARM.Collect$$libinit$$0000000C  c_w.l(libinit2.o)
    0x08000162   0x08000162   0x00000000   Code   RO         4329    .ARM.Collect$$libinit$$0000000E  c_w.l(libinit2.o)
    0x08000162   0x08000162   0x00000000   Code   RO         4332    .ARM.Collect$$libinit$$00000011  c_w.l(libinit2.o)
    0x08000162   0x08000162   0x00000000   Code   RO         4334    .ARM.Collect$$libinit$$00000013  c_w.l(libinit2.o)
    0x08000162   0x08000162   0x00000000   Code   RO         4336    .ARM.Collect$$libinit$$00000015  c_w.l(libinit2.o)
    0x08000162   0x08000162   0x00000000   Code   RO         4338    .ARM.Collect$$libinit$$00000017  c_w.l(libinit2.o)
    0x08000162   0x08000162   0x00000000   Code   RO         4340    .ARM.Collect$$libinit$$00000019  c_w.l(libinit2.o)
    0x08000162   0x08000162   0x00000000   Code   RO         4342    .ARM.Collect$$libinit$$0000001B  c_w.l(libinit2.o)
    0x08000162   0x08000162   0x00000000   Code   RO         4344    .ARM.Collect$$libinit$$0000001D  c_w.l(libinit2.o)
    0x08000162   0x08000162   0x00000000   Code   RO         4346    .ARM.Collect$$libinit$$0000001F  c_w.l(libinit2.o)
    0x08000162   0x08000162   0x00000000   Code   RO         4348    .ARM.Collect$$libinit$$00000021  c_w.l(libinit2.o)
    0x08000162   0x08000162   0x00000000   Code   RO         4350    .ARM.Collect$$libinit$$00000023  c_w.l(libinit2.o)
    0x08000162   0x08000162   0x00000000   Code   RO         4352    .ARM.Collect$$libinit$$00000025  c_w.l(libinit2.o)
    0x08000162   0x08000162   0x00000000   Code   RO         4356    .ARM.Collect$$libinit$$0000002C  c_w.l(libinit2.o)
    0x08000162   0x08000162   0x00000000   Code   RO         4358    .ARM.Collect$$libinit$$0000002E  c_w.l(libinit2.o)
    0x08000162   0x08000162   0x00000000   Code   RO         4360    .ARM.Collect$$libinit$$00000030  c_w.l(libinit2.o)
    0x08000162   0x08000162   0x00000000   Code   RO         4362    .ARM.Collect$$libinit$$00000032  c_w.l(libinit2.o)
    0x08000162   0x08000162   0x00000002   Code   RO         4363    .ARM.Collect$$libinit$$00000033  c_w.l(libinit2.o)
    0x08000164   0x08000164   0x00000002   Code   RO         4412    .ARM.Collect$$libshutdown$$00000000  c_w.l(libshutdown.o)
    0x08000166   0x08000166   0x00000000   Code   RO         4418    .ARM.Collect$$libshutdown$$00000002  c_w.l(libshutdown2.o)
    0x08000166   0x08000166   0x00000000   Code   RO         4420    .ARM.Collect$$libshutdown$$00000004  c_w.l(libshutdown2.o)
    0x08000166   0x08000166   0x00000000   Code   RO         4423    .ARM.Collect$$libshutdown$$00000007  c_w.l(libshutdown2.o)
    0x08000166   0x08000166   0x00000000   Code   RO         4426    .ARM.Collect$$libshutdown$$0000000A  c_w.l(libshutdown2.o)
    0x08000166   0x08000166   0x00000000   Code   RO         4428    .ARM.Collect$$libshutdown$$0000000C  c_w.l(libshutdown2.o)
    0x08000166   0x08000166   0x00000000   Code   RO         4431    .ARM.Collect$$libshutdown$$0000000F  c_w.l(libshutdown2.o)
    0x08000166   0x08000166   0x00000002   Code   RO         4432    .ARM.Collect$$libshutdown$$00000010  c_w.l(libshutdown2.o)
    0x08000168   0x08000168   0x00000000   Code   RO         4290    .ARM.Collect$$rtentry$$00000000  c_w.l(__rtentry.o)
    0x08000168   0x08000168   0x00000000   Code   RO         4305    .ARM.Collect$$rtentry$$00000002  c_w.l(__rtentry2.o)
    0x08000168   0x08000168   0x00000006   Code   RO         4317    .ARM.Collect$$rtentry$$00000004  c_w.l(__rtentry4.o)
    0x0800016e   0x0800016e   0x00000000   Code   RO         4307    .ARM.Collect$$rtentry$$00000009  c_w.l(__rtentry2.o)
    0x0800016e   0x0800016e   0x00000004   Code   RO         4308    .ARM.Collect$$rtentry$$0000000A  c_w.l(__rtentry2.o)
    0x08000172   0x08000172   0x00000000   Code   RO         4310    .ARM.Collect$$rtentry$$0000000C  c_w.l(__rtentry2.o)
    0x08000172   0x08000172   0x00000008   Code   RO         4311    .ARM.Collect$$rtentry$$0000000D  c_w.l(__rtentry2.o)
    0x0800017a   0x0800017a   0x00000002   Code   RO         4378    .ARM.Collect$$rtexit$$00000000  c_w.l(rtexit.o)
    0x0800017c   0x0800017c   0x00000000   Code   RO         4387    .ARM.Collect$$rtexit$$00000002  c_w.l(rtexit2.o)
    0x0800017c   0x0800017c   0x00000004   Code   RO         4388    .ARM.Collect$$rtexit$$00000003  c_w.l(rtexit2.o)
    0x08000180   0x08000180   0x00000006   Code   RO         4389    .ARM.Collect$$rtexit$$00000004  c_w.l(rtexit2.o)
    0x08000186   0x08000186   0x00000002   PAD
    0x08000188   0x08000188   0x00000040   Code   RO            4    .text               startup_stm32f103xb.o
    0x080001c8   0x080001c8   0x000000fc   Code   RO         3165    .text               context_rvds.o
    0x080002c4   0x080002c4   0x00000048   Code   RO         4272    .text               c_w.l(strcpy.o)
    0x0800030c   0x0800030c   0x0000003e   Code   RO         4274    .text               c_w.l(strlen.o)
    0x0800034a   0x0800034a   0x00000096   Code   RO         4276    .text               c_w.l(strncmp.o)
    0x080003e0   0x080003e0   0x00000018   Code   RO         4278    .text               c_w.l(strcat.o)
    0x080003f8   0x080003f8   0x0000004e   Code   RO         4280    .text               c_w.l(rt_memclr_w.o)
    0x08000446   0x08000446   0x00000056   Code   RO         4282    .text               c_w.l(strncpy.o)
    0x0800049c   0x0800049c   0x00000080   Code   RO         4284    .text               c_w.l(strcmpv7m.o)
    0x0800051c   0x0800051c   0x00000006   Code   RO         4286    .text               c_w.l(heapauxi.o)
    0x08000522   0x08000522   0x00000044   Code   RO         4299    .text               c_w.l(rt_memclr.o)
    0x08000566   0x08000566   0x00000002   PAD
    0x08000568   0x08000568   0x00000008   Code   RO         4301    .text               c_w.l(libspace.o)
    0x08000570   0x08000570   0x0000004a   Code   RO         4364    .text               c_w.l(sys_stackheap_outer.o)
    0x080005ba   0x080005ba   0x00000012   Code   RO         4366    .text               c_w.l(exit.o)
    0x080005cc   0x080005cc   0x0000000c   Code   RO         4399    .text               c_w.l(sys_exit.o)
    0x080005d8   0x080005d8   0x00000002   Code   RO         4401    .text               c_w.l(use_no_semi.o)
    0x080005da   0x080005da   0x00000000   Code   RO         4403    .text               c_w.l(indicate_semi.o)
    0x080005da   0x080005da   0x0000000a   Code   RO         3266    i.$Sub$$main        components.o
    0x080005e4   0x080005e4   0x00000004   Code   RO          252    i.BusFault_Handler  stm32f1xx_it.o
    0x080005e8   0x080005e8   0x00000002   Code   RO          253    i.DebugMon_Handler  stm32f1xx_it.o
    0x080005ea   0x080005ea   0x00000006   Code   RO           13    i.Error_Handler     main.o
    0x080005f0   0x080005f0   0x00000320   Code   RO         1715    i.HAL_GPIO_Init     stm32f1xx_hal_gpio.o
    0x08000910   0x08000910   0x0000000c   Code   RO         1719    i.HAL_GPIO_WritePin  stm32f1xx_hal_gpio.o
    0x0800091c   0x0800091c   0x0000000c   Code   RO         1404    i.HAL_GetTick       stm32f1xx_hal.o
    0x08000928   0x08000928   0x00000018   Code   RO         1410    i.HAL_IncTick       stm32f1xx_hal.o
    0x08000940   0x08000940   0x00000028   Code   RO         1411    i.HAL_Init          stm32f1xx_hal.o
    0x08000968   0x08000968   0x000000b4   Code   RO          334    i.HAL_InitTick      stm32f1xx_hal_timebase_tim.o
    0x08000a1c   0x08000a1c   0x00000054   Code   RO          310    i.HAL_MspInit       stm32f1xx_hal_msp.o
    0x08000a70   0x08000a70   0x00000020   Code   RO         1875    i.HAL_NVIC_EnableIRQ  stm32f1xx_hal_cortex.o
    0x08000a90   0x08000a90   0x0000007c   Code   RO         1881    i.HAL_NVIC_SetPriority  stm32f1xx_hal_cortex.o
    0x08000b0c   0x08000b0c   0x00000028   Code   RO         1882    i.HAL_NVIC_SetPriorityGrouping  stm32f1xx_hal_cortex.o
    0x08000b34   0x08000b34   0x0000018c   Code   RO         1568    i.HAL_RCC_ClockConfig  stm32f1xx_hal_rcc.o
    0x08000cc0   0x08000cc0   0x00000044   Code   RO         1572    i.HAL_RCC_GetClockConfig  stm32f1xx_hal_rcc.o
    0x08000d04   0x08000d04   0x0000000c   Code   RO         1573    i.HAL_RCC_GetHCLKFreq  stm32f1xx_hal_rcc.o
    0x08000d10   0x08000d10   0x00000020   Code   RO         1575    i.HAL_RCC_GetPCLK1Freq  stm32f1xx_hal_rcc.o
    0x08000d30   0x08000d30   0x00000020   Code   RO         1576    i.HAL_RCC_GetPCLK2Freq  stm32f1xx_hal_rcc.o
    0x08000d50   0x08000d50   0x00000070   Code   RO         1577    i.HAL_RCC_GetSysClockFreq  stm32f1xx_hal_rcc.o
    0x08000dc0   0x08000dc0   0x00000464   Code   RO         1580    i.HAL_RCC_OscConfig  stm32f1xx_hal_rcc.o
    0x08001224   0x08001224   0x00000034   Code   RO         1886    i.HAL_SYSTICK_Config  stm32f1xx_hal_cortex.o
    0x08001258   0x08001258   0x00000002   Code   RO         1126    i.HAL_TIMEx_BreakCallback  stm32f1xx_hal_tim_ex.o
    0x0800125a   0x0800125a   0x00000002   Code   RO         1127    i.HAL_TIMEx_CommutCallback  stm32f1xx_hal_tim_ex.o
    0x0800125c   0x0800125c   0x00000066   Code   RO          411    i.HAL_TIM_Base_Init  stm32f1xx_hal_tim.o
    0x080012c2   0x080012c2   0x00000002   Code   RO          413    i.HAL_TIM_Base_MspInit  stm32f1xx_hal_tim.o
    0x080012c4   0x080012c4   0x00000078   Code   RO          416    i.HAL_TIM_Base_Start_IT  stm32f1xx_hal_tim.o
    0x0800133c   0x0800133c   0x00000002   Code   RO          445    i.HAL_TIM_IC_CaptureCallback  stm32f1xx_hal_tim.o
    0x0800133e   0x0800133e   0x0000016c   Code   RO          459    i.HAL_TIM_IRQHandler  stm32f1xx_hal_tim.o
    0x080014aa   0x080014aa   0x00000002   Code   RO          462    i.HAL_TIM_OC_DelayElapsedCallback  stm32f1xx_hal_tim.o
    0x080014ac   0x080014ac   0x00000002   Code   RO          489    i.HAL_TIM_PWM_PulseFinishedCallback  stm32f1xx_hal_tim.o
    0x080014ae   0x080014ae   0x00000002   PAD
    0x080014b0   0x080014b0   0x00000018   Code   RO           14    i.HAL_TIM_PeriodElapsedCallback  main.o
    0x080014c8   0x080014c8   0x00000002   Code   RO          502    i.HAL_TIM_TriggerCallback  stm32f1xx_hal_tim.o
    0x080014ca   0x080014ca   0x00000076   Code   RO         2431    i.HAL_UART_Init     stm32f1xx_hal_uart.o
    0x08001540   0x08001540   0x00000088   Code   RO          211    i.HAL_UART_MspInit  usart.o
    0x080015c8   0x080015c8   0x000000be   Code   RO         2439    i.HAL_UART_Transmit  stm32f1xx_hal_uart.o
    0x08001686   0x08001686   0x00000002   PAD
    0x08001688   0x08001688   0x00000090   Code   RO          186    i.MX_GPIO_Init      gpio.o
    0x08001718   0x08001718   0x00000038   Code   RO          212    i.MX_USART1_UART_Init  usart.o
    0x08001750   0x08001750   0x00000004   Code   RO          254    i.MemManage_Handler  stm32f1xx_it.o
    0x08001754   0x08001754   0x00000004   Code   RO          255    i.NMI_Handler       stm32f1xx_it.o
    0x08001758   0x08001758   0x00000028   Code   RO         1581    i.RCC_Delay         stm32f1xx_hal_rcc.o
    0x08001780   0x08001780   0x00000010   Code   RO         4197    i.SysTick_Handler   board.o
    0x08001790   0x08001790   0x00000066   Code   RO           15    i.SystemClock_Config  main.o
    0x080017f6   0x080017f6   0x00000002   PAD
    0x080017f8   0x080017f8   0x000000a4   Code   RO         2774    i.SystemCoreClockUpdate  system_stm32f1xx.o
    0x0800189c   0x0800189c   0x00000002   Code   RO         2775    i.SystemInit        system_stm32f1xx.o
    0x0800189e   0x0800189e   0x00000002   PAD
    0x080018a0   0x080018a0   0x00000010   Code   RO          256    i.TIM4_IRQHandler   stm32f1xx_it.o
    0x080018b0   0x080018b0   0x00000084   Code   RO          504    i.TIM_Base_SetConfig  stm32f1xx_hal_tim.o
    0x08001934   0x08001934   0x0000006c   Code   RO         2454    i.UART_EndRxTransfer  stm32f1xx_hal_uart.o
    0x080019a0   0x080019a0   0x000000fc   Code   RO         2458    i.UART_SetConfig    stm32f1xx_hal_uart.o
    0x08001a9c   0x08001a9c   0x0000008c   Code   RO         2462    i.UART_WaitOnFlagUntilTimeout  stm32f1xx_hal_uart.o
    0x08001b28   0x08001b28   0x00000004   Code   RO          257    i.UsageFault_Handler  stm32f1xx_it.o
    0x08001b2c   0x08001b2c   0x00000010   Code   RO         1888    i.__NVIC_GetPriorityGrouping  stm32f1xx_hal_cortex.o
    0x08001b3c   0x08001b3c   0x00000028   Code   RO         1889    i.__NVIC_SetPriority  stm32f1xx_hal_cortex.o
    0x08001b64   0x08001b64   0x0000004c   Code   RO         3495    i.__rt_ffs          kservice.o
    0x08001bb0   0x08001bb0   0x0000000a   Code   RO         3496    i._heap_lock        kservice.o
    0x08001bba   0x08001bba   0x0000000a   Code   RO         3497    i._heap_unlock      kservice.o
    0x08001bc4   0x08001bc4   0x0000006e   Code   RO         3387    i._ipc_list_suspend  ipc.o
    0x08001c32   0x08001c32   0x00000010   Code   RO         3388    i._ipc_object_init  ipc.o
    0x08001c42   0x08001c42   0x0000006c   Code   RO         2976    i._msh_exec_cmd     msh.o
    0x08001cae   0x08001cae   0x00000002   PAD
    0x08001cb0   0x08001cb0   0x00000028   Code   RO         3883    i._scheduler_get_highest_priority_thread  scheduler.o
    0x08001cd8   0x08001cd8   0x00000034   Code   RO         3962    i._thread_exit      thread.o
    0x08001d0c   0x08001d0c   0x00000080   Code   RO         3963    i._thread_init      thread.o
    0x08001d8c   0x08001d8c   0x0000002c   Code   RO         3964    i._thread_timeout   thread.o
    0x08001db8   0x08001db8   0x00000042   Code   RO         4082    i._timer_init       timer.o
    0x08001dfa   0x08001dfa   0x0000001c   Code   RO         4084    i._timer_remove     timer.o
    0x08001e16   0x08001e16   0x00000002   PAD
    0x08001e18   0x08001e18   0x000000fc   Code   RO         3169    i.bus_fault_track   cpuport.o
    0x08001f14   0x08001f14   0x00000014   Code   RO         2892    i.clear             cmd.o
    0x08001f28   0x08001f28   0x0000012c   Code   RO         2893    i.cmd_list          cmd.o
    0x08002054   0x08002054   0x0000005c   Code   RO         3065    i.finsh_get_prompt  shell.o
    0x080020b0   0x080020b0   0x00000054   Code   RO         3067    i.finsh_getchar     shell.o
    0x08002104   0x08002104   0x00000018   Code   RO         3068    i.finsh_rx_ind      shell.o
    0x0800211c   0x0800211c   0x000000ac   Code   RO         3069    i.finsh_set_device  shell.o
    0x080021c8   0x080021c8   0x0000001c   Code   RO         3072    i.finsh_set_prompt_mode  shell.o
    0x080021e4   0x080021e4   0x00000014   Code   RO         3073    i.finsh_system_function_init  shell.o
    0x080021f8   0x080021f8   0x0000009c   Code   RO         3074    i.finsh_system_init  shell.o
    0x08002294   0x08002294   0x000003dc   Code   RO         3075    i.finsh_thread_entry  shell.o
    0x08002670   0x08002670   0x00000080   Code   RO         3170    i.hard_fault_track  cpuport.o
    0x080026f0   0x080026f0   0x00000030   Code   RO           16    i.led_blink         main.o
    0x08002720   0x08002720   0x00000128   Code   RO         2894    i.list_device       cmd.o
    0x08002848   0x08002848   0x0000002a   Code   RO         2895    i.list_find_init    cmd.o
    0x08002872   0x08002872   0x00000088   Code   RO         2896    i.list_get_next     cmd.o
    0x080028fa   0x080028fa   0x00000002   PAD
    0x080028fc   0x080028fc   0x00000140   Code   RO         2897    i.list_sem          cmd.o
    0x08002a3c   0x08002a3c   0x000001ec   Code   RO         2898    i.list_thread       cmd.o
    0x08002c28   0x08002c28   0x000001a8   Code   RO         2899    i.list_timer        cmd.o
    0x08002dd0   0x08002dd0   0x0000003c   Code   RO           17    i.main              main.o
    0x08002e0c   0x08002e0c   0x0000000e   Code   RO         3267    i.main_thread_entry  components.o
    0x08002e1a   0x08002e1a   0x00000002   PAD
    0x08002e1c   0x08002e1c   0x000000e8   Code   RO         3171    i.mem_manage_fault_track  cpuport.o
    0x08002f04   0x08002f04   0x00000084   Code   RO         2977    i.msh_auto_complete  msh.o
    0x08002f88   0x08002f88   0x0000006c   Code   RO         2978    i.msh_exec          msh.o
    0x08002ff4   0x08002ff4   0x00000040   Code   RO         2979    i.msh_get_cmd       msh.o
    0x08003034   0x08003034   0x00000064   Code   RO         2980    i.msh_help          msh.o
    0x08003098   0x08003098   0x000000f0   Code   RO         2981    i.msh_split         msh.o
    0x08003188   0x08003188   0x0000001c   Code   RO         2900    i.object_split      cmd.o
    0x080031a4   0x080031a4   0x00000066   Code   RO         3749    i.plug_holes        mem.o
    0x0800320a   0x0800320a   0x00000002   PAD
    0x0800320c   0x0800320c   0x00000198   Code   RO         3499    i.print_number      kservice.o
    0x080033a4   0x080033a4   0x0000000c   Code   RO         4198    i.reboot            board.o
    0x080033b0   0x080033b0   0x00000030   Code   RO         3268    i.rt_application_init  components.o
    0x080033e0   0x080033e0   0x00000022   Code   RO         3500    i.rt_calloc         kservice.o
    0x08003402   0x08003402   0x00000002   PAD
    0x08003404   0x08003404   0x0000001c   Code   RO         3269    i.rt_components_board_init  components.o
    0x08003420   0x08003420   0x0000001c   Code   RO         3270    i.rt_components_init  components.o
    0x0800343c   0x0800343c   0x0000000c   Code   RO         3501    i.rt_console_get_device  kservice.o
    0x08003448   0x08003448   0x0000003e   Code   RO         3340    i.rt_defunct_execute  idle.o
    0x08003486   0x08003486   0x00000036   Code   RO         2808    i.rt_device_close   device.o
    0x080034bc   0x080034bc   0x0000000e   Code   RO         2812    i.rt_device_find    device.o
    0x080034ca   0x080034ca   0x00000070   Code   RO         2814    i.rt_device_open    device.o
    0x0800353a   0x0800353a   0x0000003e   Code   RO         2815    i.rt_device_read    device.o
    0x08003578   0x08003578   0x00000008   Code   RO         2817    i.rt_device_set_rx_indicate  device.o
    0x08003580   0x08003580   0x0000003e   Code   RO         2820    i.rt_device_write   device.o
    0x080035be   0x080035be   0x00000002   PAD
    0x080035c0   0x080035c0   0x00000020   Code   RO         3885    i.rt_enter_critical  scheduler.o
    0x080035e0   0x080035e0   0x00000044   Code   RO         3886    i.rt_exit_critical  scheduler.o
    0x08003624   0x08003624   0x0000001e   Code   RO         3503    i.rt_free           kservice.o
    0x08003642   0x08003642   0x00000002   PAD
    0x08003644   0x08003644   0x00000008   Code   RO         4199    i.rt_heap_begin_get  board.o
    0x0800364c   0x0800364c   0x00000008   Code   RO         4200    i.rt_heap_end_get   board.o
    0x08003654   0x08003654   0x00000038   Code   RO         4201    i.rt_hw_board_init  board.o
    0x0800368c   0x0800368c   0x00000050   Code   RO         4203    i.rt_hw_console_output  board.o
    0x080036dc   0x080036dc   0x00000010   Code   RO         3172    i.rt_hw_cpu_reset   cpuport.o
    0x080036ec   0x080036ec   0x00000204   Code   RO         3175    i.rt_hw_hard_fault_exception  cpuport.o
    0x080038f0   0x080038f0   0x0000004c   Code   RO         3176    i.rt_hw_stack_init  cpuport.o
    0x0800393c   0x0800393c   0x00000020   Code   RO         3468    i.rt_interrupt_enter  irq.o
    0x0800395c   0x0800395c   0x0000001c   Code   RO         3469    i.rt_interrupt_get_nest  irq.o
    0x08003978   0x08003978   0x00000020   Code   RO         3470    i.rt_interrupt_leave  irq.o
    0x08003998   0x08003998   0x0000004c   Code   RO         3508    i.rt_kprintf        kservice.o
    0x080039e4   0x080039e4   0x00000006   Code   RO         4085    i.rt_list_init      timer.o
    0x080039ea   0x080039ea   0x0000000e   Code   RO         3802    i.rt_list_insert_after  object.o
    0x080039f8   0x080039f8   0x0000000e   Code   RO         4086    i.rt_list_insert_after  timer.o
    0x08003a06   0x08003a06   0x0000000e   Code   RO         3389    i.rt_list_insert_before  ipc.o
    0x08003a14   0x08003a14   0x00000010   Code   RO         3390    i.rt_list_isempty   ipc.o
    0x08003a24   0x08003a24   0x00000010   Code   RO         4087    i.rt_list_isempty   timer.o
    0x08003a34   0x08003a34   0x00000014   Code   RO         2901    i.rt_list_len       cmd.o
    0x08003a48   0x08003a48   0x00000012   Code   RO         3803    i.rt_list_remove    object.o
    0x08003a5a   0x08003a5a   0x00000012   Code   RO         3965    i.rt_list_remove    thread.o
    0x08003a6c   0x08003a6c   0x00000012   Code   RO         4088    i.rt_list_remove    timer.o
    0x08003a7e   0x08003a7e   0x00000002   PAD
    0x08003a80   0x08003a80   0x00000024   Code   RO         3510    i.rt_malloc         kservice.o
    0x08003aa4   0x08003aa4   0x0000007c   Code   RO         3513    i.rt_memcpy         kservice.o
    0x08003b20   0x08003b20   0x00000042   Code   RO         3514    i.rt_memmove        kservice.o
    0x08003b62   0x08003b62   0x00000048   Code   RO         3516    i.rt_memset         kservice.o
    0x08003baa   0x08003baa   0x00000054   Code   RO         3804    i.rt_object_allocate  object.o
    0x08003bfe   0x08003bfe   0x00000024   Code   RO         3805    i.rt_object_delete  object.o
    0x08003c22   0x08003c22   0x0000001e   Code   RO         3806    i.rt_object_detach  object.o
    0x08003c40   0x08003c40   0x00000052   Code   RO         3807    i.rt_object_find    object.o
    0x08003c92   0x08003c92   0x00000002   PAD
    0x08003c94   0x08003c94   0x00000028   Code   RO         3808    i.rt_object_get_information  object.o
    0x08003cbc   0x08003cbc   0x00000056   Code   RO         3812    i.rt_object_init    object.o
    0x08003d12   0x08003d12   0x00000012   Code   RO         3813    i.rt_object_is_systemobject  object.o
    0x08003d24   0x08003d24   0x0000011c   Code   RO         3887    i.rt_schedule       scheduler.o
    0x08003e40   0x08003e40   0x0000009c   Code   RO         3888    i.rt_schedule_insert_thread  scheduler.o
    0x08003edc   0x08003edc   0x00000054   Code   RO         3889    i.rt_schedule_remove_thread  scheduler.o
    0x08003f30   0x08003f30   0x00000026   Code   RO         3395    i.rt_sem_init       ipc.o
    0x08003f56   0x08003f56   0x0000005e   Code   RO         3396    i.rt_sem_release    ipc.o
    0x08003fb4   0x08003fb4   0x00000074   Code   RO         3397    i.rt_sem_take       ipc.o
    0x08004028   0x08004028   0x00000028   Code   RO         3518    i.rt_set_errno      kservice.o
    0x08004050   0x08004050   0x000000c4   Code   RO         3519    i.rt_show_version   kservice.o
    0x08004114   0x08004114   0x00000114   Code   RO         3750    i.rt_smem_alloc     mem.o
    0x08004228   0x08004228   0x0000003a   Code   RO         3752    i.rt_smem_free      mem.o
    0x08004262   0x08004262   0x00000002   PAD
    0x08004264   0x08004264   0x000000f0   Code   RO         3753    i.rt_smem_init      mem.o
    0x08004354   0x08004354   0x00000022   Code   RO         3521    i.rt_sprintf        kservice.o
    0x08004376   0x08004376   0x00000002   PAD
    0x08004378   0x08004378   0x00000020   Code   RO         3526    i.rt_strerror       kservice.o
    0x08004398   0x08004398   0x00000012   Code   RO         3527    i.rt_strlen         kservice.o
    0x080043aa   0x080043aa   0x00000028   Code   RO         3528    i.rt_strncmp        kservice.o
    0x080043d2   0x080043d2   0x00000034   Code   RO         3529    i.rt_strncpy        kservice.o
    0x08004406   0x08004406   0x00000002   PAD
    0x08004408   0x08004408   0x00000034   Code   RO         3532    i.rt_system_heap_init  kservice.o
    0x0800443c   0x0800443c   0x00000034   Code   RO         3890    i.rt_system_scheduler_init  scheduler.o
    0x08004470   0x08004470   0x00000028   Code   RO         3891    i.rt_system_scheduler_start  scheduler.o
    0x08004498   0x08004498   0x0000001c   Code   RO         4089    i.rt_system_timer_init  timer.o
    0x080044b4   0x080044b4   0x00000002   Code   RO         4090    i.rt_system_timer_thread_init  timer.o
    0x080044b6   0x080044b6   0x00000050   Code   RO         3967    i.rt_thread_create  thread.o
    0x08004506   0x08004506   0x00000002   PAD
    0x08004508   0x08004508   0x0000003c   Code   RO         3341    i.rt_thread_defunct_dequeue  idle.o
    0x08004544   0x08004544   0x0000001c   Code   RO         3342    i.rt_thread_defunct_enqueue  idle.o
    0x08004560   0x08004560   0x00000008   Code   RO         3343    i.rt_thread_idle_entry  idle.o
    0x08004568   0x08004568   0x00000068   Code   RO         3345    i.rt_thread_idle_init  idle.o
    0x080045d0   0x080045d0   0x00000034   Code   RO         3973    i.rt_thread_init    thread.o
    0x08004604   0x08004604   0x00000014   Code   RO         3974    i.rt_thread_mdelay  thread.o
    0x08004618   0x08004618   0x0000003c   Code   RO         3975    i.rt_thread_resume  thread.o
    0x08004654   0x08004654   0x0000000c   Code   RO         3976    i.rt_thread_self    thread.o
    0x08004660   0x08004660   0x00000044   Code   RO         3977    i.rt_thread_sleep   thread.o
    0x080046a4   0x080046a4   0x00000028   Code   RO         3978    i.rt_thread_startup  thread.o
    0x080046cc   0x080046cc   0x00000048   Code   RO         3979    i.rt_thread_suspend  thread.o
    0x08004714   0x08004714   0x00000038   Code   RO         3228    i.rt_tick_from_millisecond  clock.o
    0x0800474c   0x0800474c   0x0000000c   Code   RO         3229    i.rt_tick_get       clock.o
    0x08004758   0x08004758   0x00000050   Code   RO         3231    i.rt_tick_increase  clock.o
    0x080047a8   0x080047a8   0x000000a4   Code   RO         4091    i.rt_timer_check    timer.o
    0x0800484c   0x0800484c   0x00000068   Code   RO         4092    i.rt_timer_control  timer.o
    0x080048b4   0x080048b4   0x00000028   Code   RO         4095    i.rt_timer_detach   timer.o
    0x080048dc   0x080048dc   0x0000002e   Code   RO         4096    i.rt_timer_init     timer.o
    0x0800490a   0x0800490a   0x00000002   PAD
    0x0800490c   0x0800490c   0x000000f8   Code   RO         4098    i.rt_timer_start    timer.o
    0x08004a04   0x08004a04   0x00000030   Code   RO         4099    i.rt_timer_stop     timer.o
    0x08004a34   0x08004a34   0x00000340   Code   RO         3533    i.rt_vsnprintf      kservice.o
    0x08004d74   0x08004d74   0x00000016   Code   RO         3534    i.rt_vsprintf       kservice.o
    0x08004d8a   0x08004d8a   0x00000004   Code   RO         3271    i.rti_board_end     components.o
    0x08004d8e   0x08004d8e   0x00000004   Code   RO         3272    i.rti_board_start   components.o
    0x08004d92   0x08004d92   0x00000004   Code   RO         3273    i.rti_end           components.o
    0x08004d96   0x08004d96   0x00000004   Code   RO         3274    i.rti_start         components.o
    0x08004d9a   0x08004d9a   0x0000002a   Code   RO         3275    i.rtthread_startup  components.o
    0x08004dc4   0x08004dc4   0x00000030   Code   RO         3076    i.shell_auto_complete  shell.o
    0x08004df4   0x08004df4   0x00000038   Code   RO         2902    i.show_wait_queue   cmd.o
    0x08004e2c   0x08004e2c   0x00000026   Code   RO         3535    i.skip_atoi         kservice.o
    0x08004e52   0x08004e52   0x00000020   Code   RO         2982    i.str_common        msh.o
    0x08004e72   0x08004e72   0x00000002   PAD
    0x08004e74   0x08004e74   0x00000038   Code   RO         4204    i.uart_init         board.o
    0x08004eac   0x08004eac   0x000000e8   Code   RO         3177    i.usage_fault_track  cpuport.o
    0x08004f94   0x08004f94   0x0000000a   Code   RO         2903    i.version           cmd.o
    0x08004f9e   0x08004f9e   0x00000012   Data   RO         1582    .constdata          stm32f1xx_hal_rcc.o
    0x08004fb0   0x08004fb0   0x00000018   Data   RO         2776    .constdata          system_stm32f1xx.o
    0x08004fc8   0x08004fc8   0x00000078   Data   RO         2904    .constdata          cmd.o
    0x08005040   0x08005040   0x00000122   Data   RO         3537    .constdata          kservice.o
    0x08005162   0x08005162   0x00000002   PAD
    0x08005164   0x08005164   0x000001e5   Data   RO         2905    .conststring        cmd.o
    0x08005349   0x08005349   0x00000003   PAD
    0x0800534c   0x0800534c   0x00000058   Data   RO         3538    .conststring        kservice.o
    0x080053a4   0x080053a4   0x000000d9   Data   RO         2906    .rodata.name        cmd.o
    0x0800547d   0x0800547d   0x0000001b   Data   RO         2983    .rodata.name        msh.o
    0x08005498   0x08005498   0x00000015   Data   RO         4206    .rodata.name        board.o
    0x080054ad   0x080054ad   0x00000003   PAD
    0x080054b0   0x080054b0   0x00000004   Data   RO         3276    .rti_fn.0           components.o
    0x080054b4   0x080054b4   0x00000004   Data   RO         3277    .rti_fn.0.end       components.o
    0x080054b8   0x080054b8   0x00000004   Data   RO         4207    .rti_fn.1           board.o
    0x080054bc   0x080054bc   0x00000004   Data   RO         3278    .rti_fn.1.end       components.o
    0x080054c0   0x080054c0   0x00000004   Data   RO         3079    .rti_fn.6           shell.o
    0x080054c4   0x080054c4   0x00000004   Data   RO         3279    .rti_fn.6.end       components.o
    0x080054c8   0x080054c8   0x00000054   Data   RO         2907    FSymTab             cmd.o
    0x0800551c   0x0800551c   0x0000000c   Data   RO         2984    FSymTab             msh.o
    0x08005528   0x08005528   0x0000000c   Data   RO         4208    FSymTab             board.o
    0x08005534   0x08005534   0x00000020   Data   RO         4453    Region$$Table       anon$$obj.o


    Execution Region RW_IRAM1 (Exec base: 0x20000000, Load base: 0x08005554, Size: 0x000047a0, Max: 0x00005000, ABSOLUTE)

    Exec Addr    Load Addr    Size         Type   Attr      Idx    E Section Name        Object

    0x20000000   0x08005554   0x00000009   Data   RW         1418    .data               stm32f1xx_hal.o
    0x20000009   0x0800555d   0x00000003   PAD
    0x2000000c   0x08005560   0x00000004   Data   RW         2777    .data               system_stm32f1xx.o
    0x20000010   0x08005564   0x00000010   Data   RW         3078    .data               shell.o
    0x20000020   0x08005574   0x00000010   Data   RW         3178    .data               cpuport.o
    0x20000030   0x08005584   0x00000004   Data   RW         3233    .data               clock.o
    0x20000034   0x08005588   0x00000008   Data   RW         3347    .data               idle.o
    0x2000003c   0x08005590   0x00000001   Data   RW         3471    .data               irq.o
    0x2000003d   0x08005591   0x00000003   PAD
    0x20000040   0x08005594   0x0000003c   Data   RW         3539    .data               kservice.o
    0x2000007c   0x080055d0   0x00000050   Data   RW         3814    .data               object.o
    0x200000cc   0x08005620   0x0000000d   Data   RW         3893    .data               scheduler.o
    0x200000d9   0x0800562d   0x00000003   PAD
    0x200000dc   0x08005630   0x0000000c   Data   RW         4100    .data               timer.o
    0x200000e8        -       0x00000048   Zero   RW          213    .bss                usart.o
    0x20000130        -       0x00000048   Zero   RW          337    .bss                stm32f1xx_hal_timebase_tim.o
    0x20000178        -       0x00000081   Zero   RW         3077    .bss                shell.o
    0x200001f9   0x0800563c   0x00000003   PAD
    0x200001fc        -       0x00000178   Zero   RW         3346    .bss                idle.o
    0x20000374        -       0x00000080   Zero   RW         3536    .bss                kservice.o
    0x200003f4        -       0x00000100   Zero   RW         3892    .bss                scheduler.o
    0x200004f4        -       0x00003c48   Zero   RW         4205    .bss                board.o
    0x2000413c        -       0x00000060   Zero   RW         4302    .bss                c_w.l(libspace.o)
    0x2000419c   0x0800563c   0x00000004   PAD
    0x200041a0        -       0x00000200   Zero   RW            2    HEAP                startup_stm32f103xb.o
    0x200043a0        -       0x00000400   Zero   RW            1    STACK               startup_stm32f103xb.o


==============================================================================

Image component sizes


      Code (inc. data)   RO Data    RW Data    ZI Data      Debug   Object Name

       236         22         37          0      15432       5256   board.o
       148         12          0          4          0       2324   clock.o
      2144        822        906          0          0      14385   cmd.o
       186         30         16          0          0       6140   components.o
       252         28          0          0          0        828   context_rvds.o
      1452        732          0         16          0       6220   cpuport.o
       312          0          0          0          0       4407   device.o
       144          8          0          0          0        835   gpio.o
       262         30          0          8        376       6630   idle.o
       404          0          0          0          0       8145   ipc.o
        92         18          0          1          0       2418   irq.o
      2310        216        378         60        128      18662   kservice.o
       240         20          0          0          0     440178   main.o
       676         68          0          0          0       4790   mem.o
       784        134         39          0          0       7522   msh.o
       408          4          0         80          0       9781   object.o
       756         84          0         13        256       9488   scheduler.o
      1612        200          4         16        129       8893   shell.o
        64         26        236          0       1536        776   startup_stm32f103xb.o
        76         20          0          9          0       4426   stm32f1xx_hal.o
       304         22          0          0          0      29163   stm32f1xx_hal_cortex.o
       812         34          0          0          0       2568   stm32f1xx_hal_gpio.o
        84          8          0          0          0        826   stm32f1xx_hal_msp.o
      1816        108         18          0          0       6269   stm32f1xx_hal_rcc.o
       728         26          0          0          0       5918   stm32f1xx_hal_tim.o
         4          0          0          0          0       1441   stm32f1xx_hal_tim_ex.o
       180         22          0          0         72       1355   stm32f1xx_hal_timebase_tim.o
       808          4          0          0          0       4168   stm32f1xx_hal_uart.o
        34          6          0          0          0       2419   stm32f1xx_it.o
       166         22         24          4          0       1591   system_stm32f1xx.o
       646         14          0          0          0      10885   thread.o
       828         22          0         12          0      12344   timer.o
       192         24          0          0         72       1510   usart.o

    ----------------------------------------------------------------------
     19200       2786       1698        232      18004     642561   Object Totals
         0          0         32          0          0          0   (incl. Generated)
        40          0          8          9          3          0   (incl. Padding)

    ----------------------------------------------------------------------

      Code (inc. data)   RO Data    RW Data    ZI Data      Debug   Library Member Name

         8          0          0          0          0         68   __main.o
         0          0          0          0          0          0   __rtentry.o
        12          0          0          0          0          0   __rtentry2.o
         6          0          0          0          0          0   __rtentry4.o
        52          8          0          0          0          0   __scatter.o
        26          0          0          0          0          0   __scatter_copy.o
        28          0          0          0          0          0   __scatter_zi.o
        18          0          0          0          0         80   exit.o
         6          0          0          0          0        152   heapauxi.o
         0          0          0          0          0          0   indicate_semi.o
         2          0          0          0          0          0   libinit.o
         2          0          0          0          0          0   libinit2.o
         2          0          0          0          0          0   libshutdown.o
         2          0          0          0          0          0   libshutdown2.o
         8          4          0          0         96         68   libspace.o
        68          0          0          0          0         68   rt_memclr.o
        78          0          0          0          0         80   rt_memclr_w.o
         2          0          0          0          0          0   rtexit.o
        10          0          0          0          0          0   rtexit2.o
        24          0          0          0          0         68   strcat.o
       128          0          0          0          0         68   strcmpv7m.o
        72          0          0          0          0         80   strcpy.o
        62          0          0          0          0         76   strlen.o
       150          0          0          0          0         80   strncmp.o
        86          0          0          0          0         76   strncpy.o
        12          4          0          0          0         68   sys_exit.o
        74          0          0          0          0         80   sys_stackheap_outer.o
         2          0          0          0          0         68   use_no_semi.o

    ----------------------------------------------------------------------
       946         16          0          0        100       1180   Library Totals
         6          0          0          0          4          0   (incl. Padding)

    ----------------------------------------------------------------------

      Code (inc. data)   RO Data    RW Data    ZI Data      Debug   Library Name

       940         16          0          0         96       1180   c_w.l

    ----------------------------------------------------------------------
       946         16          0          0        100       1180   Library Totals

    ----------------------------------------------------------------------

==============================================================================


      Code (inc. data)   RO Data    RW Data    ZI Data      Debug   

     20146       2802       1698        232      18104     633077   Grand Totals
     20146       2802       1698        232      18104     633077   ELF Image Totals
     20146       2802       1698        232          0          0   ROM Totals

==============================================================================

    Total RO  Size (Code + RO Data)                21844 (  21.33kB)
    Total RW  Size (RW Data + ZI Data)             18336 (  17.91kB)
    Total ROM Size (Code + RO Data + RW Data)      22076 (  21.56kB)

==============================================================================

